Component: ARM Compiler 5.05 update 1 (build 106) Tool: armlink [4d0efa]

==============================================================================

Section Cross References

    main.o(.text) refers to _printf_percent.o(.ARM.Collect$$_printf_percent$$00000000) for _printf_percent
    main.o(.text) refers to _printf_f.o(.ARM.Collect$$_printf_percent$$00000003) for _printf_f
    main.o(.text) refers to printf1.o(x$fpl$printf1) for _printf_fp_dec
    main.o(.text) refers to sys.o(.text) for Stm32_Clock_Init
    main.o(.text) refers to delay.o(.text) for delay_init
    main.o(.text) refers to usart.o(.text) for uart_init
    main.o(.text) refers to timer.o(.text) for TIM1_36Mhz_Init
    main.o(.text) refers to oled.o(.text) for OLED_Init
    main.o(.text) refers to iic.o(.text) for IIC_Init
    main.o(.text) refers to fdc2214.o(.text) for FDC2214_Init
    main.o(.text) refers to noretval__2printf.o(.text) for __2printf
    main.o(.text) refers to control.o(.text) for CPChannel_Control
    main.o(.text) refers to main.o(.data) for ch3
    system_stm32f10x.o(.text) refers to system_stm32f10x.o(.data) for SystemCoreClock
    led.o(.text) refers to stm32f10x_rcc.o(.text) for RCC_APB2PeriphClockCmd
    led.o(.text) refers to stm32f10x_gpio.o(.text) for GPIO_Init
    timer.o(.text) refers to stm32f10x_rcc.o(.text) for RCC_APB2PeriphClockCmd
    timer.o(.text) refers to stm32f10x_gpio.o(.text) for GPIO_Init
    timer.o(.text) refers to stm32f10x_tim.o(.text) for TIM_TimeBaseInit
    iic.o(.text) refers to stm32f10x_rcc.o(.text) for RCC_APB2PeriphClockCmd
    iic.o(.text) refers to stm32f10x_gpio.o(.text) for GPIO_PinRemapConfig
    key.o(.text) refers to stm32f10x_rcc.o(.text) for RCC_APB2PeriphClockCmd
    key.o(.text) refers to stm32f10x_gpio.o(.text) for GPIO_PinRemapConfig
    fdc2214.o(.text) refers to _printf_percent.o(.ARM.Collect$$_printf_percent$$00000000) for _printf_percent
    fdc2214.o(.text) refers to _printf_d.o(.ARM.Collect$$_printf_percent$$00000009) for _printf_d
    fdc2214.o(.text) refers to _printf_dec.o(.text) for _printf_int_dec
    fdc2214.o(.text) refers to iic.o(.text) for IIC_Start
    fdc2214.o(.text) refers to dflt_clz.o(x$fpl$dfltu) for __aeabi_ui2d
    fdc2214.o(.text) refers to ddiv.o(x$fpl$ddiv) for __aeabi_ddiv
    fdc2214.o(.text) refers to dmul.o(x$fpl$dmul) for __aeabi_dmul
    fdc2214.o(.text) refers to f2d.o(x$fpl$f2d) for __aeabi_f2d
    fdc2214.o(.text) refers to daddsub_clz.o(x$fpl$dsub) for __aeabi_dsub
    fdc2214.o(.text) refers to noretval__2printf.o(.text) for __2printf
    fdc2214.o(.text) refers to delay.o(.text) for delay_ms
    fdc2214.o(.text) refers to fdc2214.o(.data) for CHx_FIN_SEL
    fdc2214.o(.text) refers to fdc2214.o(.bss) for fREFx
    oled.o(.text) refers to delay.o(.text) for delay_ms
    oled.o(.text) refers to oled.o(.constdata) for F8X16
    oled.o(.text) refers to oled.o(.data) for Hzk
    control.o(.text) refers to _printf_percent.o(.ARM.Collect$$_printf_percent$$00000000) for _printf_percent
    control.o(.text) refers to _printf_d.o(.ARM.Collect$$_printf_percent$$00000009) for _printf_d
    control.o(.text) refers to _printf_dec.o(.text) for _printf_int_dec
    control.o(.text) refers to _printf_f.o(.ARM.Collect$$_printf_percent$$00000003) for _printf_f
    control.o(.text) refers to printf1.o(x$fpl$printf1) for _printf_fp_dec
    control.o(.text) refers to delay.o(.text) for delay_ms
    control.o(.text) refers to show.o(.text) for taring_mod2
    control.o(.text) refers to noretval__2printf.o(.text) for __2printf
    control.o(.text) refers to fdc2214.o(.text) for FDC2214_GetChannelData
    control.o(.text) refers to daddsub_clz.o(x$fpl$dsub) for __aeabi_dsub
    control.o(.text) refers to daddsub_clz.o(x$fpl$dadd) for __aeabi_dadd
    control.o(.text) refers to ddiv.o(x$fpl$ddiv) for __aeabi_ddiv
    control.o(.text) refers to dleqf.o(x$fpl$dleqf) for __aeabi_cdcmple
    control.o(.text) refers to drleqf.o(x$fpl$drleqf) for __aeabi_cdrcmple
    control.o(.text) refers to dflt_clz.o(x$fpl$dfltu) for __aeabi_ui2d
    control.o(.text) refers to main.o(.data) for ch3
    control.o(.text) refers to control.o(.data) for cap3_last
    control.o(.text) refers to control.o(.bss) for train_H
    control.o(.text) refers to dflt_clz.o(x$fpl$dflt) for __aeabi_i2d
    control.o(.text) refers to dfixu.o(x$fpl$dfixu) for __aeabi_d2uiz
    filter.o(.text) refers to faddsub_clz.o(x$fpl$fsub) for __aeabi_fsub
    filter.o(.text) refers to fmul.o(x$fpl$fmul) for __aeabi_fmul
    filter.o(.text) refers to faddsub_clz.o(x$fpl$fadd) for __aeabi_fadd
    filter.o(.text) refers to fflt_clz.o(x$fpl$ffltu) for __aeabi_ui2f
    filter.o(.text) refers to fdiv.o(x$fpl$fdiv) for __aeabi_fdiv
    filter.o(.text) refers to faddsub_clz.o(x$fpl$frsb) for __aeabi_frsub
    filter.o(.text) refers to f2d.o(x$fpl$f2d) for __aeabi_f2d
    filter.o(.text) refers to dmul.o(x$fpl$dmul) for __aeabi_dmul
    filter.o(.text) refers to daddsub_clz.o(x$fpl$dadd) for __aeabi_dadd
[...]
    ../clib/armsys.c                         0x00000000   Number         0  argv_veneer.o ABSOLUTE
    ../clib/armsys.c                         0x00000000   Number         0  argv_veneer.o ABSOLUTE
    ../clib/bigflt.c                         0x00000000   Number         0  bigflt0.o ABSOLUTE
    ../clib/btod.s                           0x00000000   Number         0  btod.o ABSOLUTE
    ../clib/heapalloc.c                      0x00000000   Number         0  hrguard.o ABSOLUTE
    ../clib/heapaux.c                        0x00000000   Number         0  heapauxi.o ABSOLUTE
    ../clib/libinit.s                        0x00000000   Number         0  libinit.o ABSOLUTE
    ../clib/libinit.s                        0x00000000   Number         0  libinit2.o ABSOLUTE
    ../clib/libinit.s                        0x00000000   Number         0  libshutdown.o ABSOLUTE
    ../clib/libinit.s                        0x00000000   Number         0  libshutdown2.o ABSOLUTE
    ../clib/locale.s                         0x00000000   Number         0  lc_numeric_c.o ABSOLUTE
    ../clib/longlong.s                       0x00000000   Number         0  lludiv10.o ABSOLUTE
    ../clib/memcpset.s                       0x00000000   Number         0  strcmpv7m.o ABSOLUTE
    ../clib/printf.c                         0x00000000   Number         0  noretval__2printf.o ABSOLUTE
    ../clib/printf.c                         0x00000000   Number         0  _printf_intcommon.o ABSOLUTE
    ../clib/printf.c                         0x00000000   Number         0  __printf_ss.o ABSOLUTE
    ../clib/printf.c                         0x00000000   Number         0  __printf_flags_ss.o ABSOLUTE
    ../clib/printf.c                         0x00000000   Number         0  _printf_dec.o ABSOLUTE
    ../clib/printf.c                         0x00000000   Number         0  _printf_char_common.o ABSOLUTE
    ../clib/printf.c                         0x00000000   Number         0  __2printf.o ABSOLUTE
    ../clib/printf.c                         0x00000000   Number         0  __printf_flags_ss_wp.o ABSOLUTE
    ../clib/printf.c                         0x00000000   Number         0  __printf_wp.o ABSOLUTE
    ../clib/printf.c                         0x00000000   Number         0  __printf_ss_wp.o ABSOLUTE
    ../clib/printf.c                         0x00000000   Number         0  __printf_flags_wp.o ABSOLUTE
    ../clib/printf.c                         0x00000000   Number         0  __printf_nopercent.o ABSOLUTE
    ../clib/printf.c                         0x00000000   Number         0  __printf.o ABSOLUTE
    ../clib/printf.c                         0x00000000   Number         0  _printf_fp_dec.o ABSOLUTE
    ../clib/printf.c                         0x00000000   Number         0  _printf_char_file.o ABSOLUTE
    ../clib/printf.c                         0x00000000   Number         0  __printf_flags.o ABSOLUTE
    ../clib/printf.c                         0x00000000   Number         0  _printf_fp_infnan.o ABSOLUTE
    ../clib/printf_percent.s                 0x00000000   Number         0  _printf_d.o ABSOLUTE
    ../clib/printf_percent.s                 0x00000000   Number         0  _printf_f.o ABSOLUTE
    ../clib/printf_percent.s                 0x00000000   Number         0  _printf_percent_end.o ABSOLUTE
    ../clib/printf_percent.s                 0x00000000   Number         0  _printf_percent.o ABSOLUTE
    ../clib/signal.c                         0x00000000   Number         0  defsig_general.o ABSOLUTE
    ../clib/signal.c                         0x00000000   Number         0  __raise.o ABSOLUTE
    ../clib/signal.c                         0x00000000   Number         0  defsig_rtmem_inner.o ABSOLUTE
    ../clib/signal.c                         0x00000000   Number         0  defsig_exit.o ABSOLUTE
    ../clib/signal.c                         0x00000000   Number         0  defsig_stak_inner.o ABSOLUTE
    ../clib/signal.c                         0x00000000   Number         0  defsig_rtmem_formal.o ABSOLUTE
    ../clib/signal.c                         0x00000000   Number         0  defsig_rtmem_outer.o ABSOLUTE
    ../clib/signal.c                         0x00000000   Number         0  defsig_other.o ABSOLUTE
    ../clib/signal.c                         0x00000000   Number         0  defsig_segv_inner.o ABSOLUTE
    ../clib/signal.c                         0x00000000   Number         0  defsig_cppl_inner.o ABSOLUTE
    ../clib/signal.c                         0x00000000   Number         0  defsig_pvfn_inner.o ABSOLUTE
    ../clib/signal.c                         0x00000000   Number         0  defsig_rtred_inner.o ABSOLUTE
    ../clib/signal.c                         0x00000000   Number         0  defsig_fpe_inner.o ABSOLUTE
    ../clib/signal.c                         0x00000000   Number         0  defsig_abrt_inner.o ABSOLUTE
    ../clib/signal.s                         0x00000000   Number         0  defsig.o ABSOLUTE
    ../clib/stdio.c                          0x00000000   Number         0  ferror.o ABSOLUTE
    ../clib/stdio.c                          0x00000000   Number         0  ferror_locked.o ABSOLUTE
    ../clib/stdlib.c                         0x00000000   Number         0  exit.o ABSOLUTE
    ../fplib/d2f.s                           0x00000000   Number         0  d2f.o ABSOLUTE
    ../fplib/daddsub.s                       0x00000000   Number         0  daddsub_clz.o ABSOLUTE
    ../fplib/dcmpi.s                         0x00000000   Number         0  dcmpi.o ABSOLUTE
    ../fplib/ddiv.s                          0x00000000   Number         0  ddiv.o ABSOLUTE
    ../fplib/dfixu.s                         0x00000000   Number         0  dfixu.o ABSOLUTE
    ../fplib/dflt.s                          0x00000000   Number         0  dflt_clz.o ABSOLUTE
    ../fplib/dleqf.s                         0x00000000   Number         0  dleqf.o ABSOLUTE
    ../fplib/dmul.s                          0x00000000   Number         0  dmul.o ABSOLUTE
    ../fplib/dnaninf.s                       0x00000000   Number         0  dnaninf.o ABSOLUTE
    ../fplib/dretinf.s                       0x00000000   Number         0  dretinf.o ABSOLUTE
    ../fplib/drleqf.s                        0x00000000   Number         0  drleqf.o ABSOLUTE
    ../fplib/f2d.s                           0x00000000   Number         0  f2d.o ABSOLUTE
    ../fplib/faddsub.s                       0x00000000   Number         0  faddsub_clz.o ABSOLUTE
    ../fplib/fdiv.s                          0x00000000   Number         0  fdiv.o ABSOLUTE
    ../fplib/ffixu.s                         0x00000000   Number         0  ffixu.o ABSOLUTE
    ../fplib/fflt.s                          0x00000000   Number         0  fflt_clz.o ABSOLUTE
    ../fplib/fmul.s                          0x00000000   Number         0  fmul.o ABSOLUTE
    ../fplib/fnaninf.s                       0x00000000   Number         0  fnaninf.o ABSOLUTE
    ../fplib/fpinit.s                        0x00000000   Number         0  fpinit.o ABSOLUTE
    ../fplib/fretinf.s                       0x00000000   Number         0  fretinf.o ABSOLUTE
    ../fplib/istatus.s                       0x00000000   Number         0  istatus.o ABSOLUTE
    ../fplib/printf1.s                       0x00000000   Number         0  printf1.o ABSOLUTE
    ../fplib/usenofp.s                       0x00000000   Number         0  usenofp.o ABSOLUTE
    ../mathlib/fpclassify.c                  0x00000000   Number         0  fpclassify.o ABSOLUTE
    ..\CORE\core_cm3.c                       0x00000000   Number         0  core_cm3.o ABSOLUTE
    ..\CORE\startup_stm32f10x_hd.s           0x00000000   Number         0  startup_stm32f10x_hd.o ABSOLUTE
    ..\HARDWARE\CONTROL\control.c            0x00000000   Number         0  control.o ABSOLUTE
    ..\HARDWARE\EXTI\exti.c                  0x00000000   Number         0  exti.o ABSOLUTE
    ..\HARDWARE\FDC2214\FDC2214.c            0x00000000   Number         0  fdc2214.o ABSOLUTE
    ..\HARDWARE\FILTER\filter.c              0x00000000   Number         0  filter.o ABSOLUTE
    ..\HARDWARE\IIC\iic.c                    0x00000000   Number         0  iic.o ABSOLUTE
    ..\HARDWARE\KEY\key.c                    0x00000000   Number         0  key.o ABSOLUTE
    ..\HARDWARE\LED\led.c                    0x00000000   Number         0  led.o ABSOLUTE
    ..\HARDWARE\OLED\oled.c                  0x00000000   Number         0  oled.o ABSOLUTE
    ..\HARDWARE\SHOW\show.c                  0x00000000   Number         0  show.o ABSOLUTE
    ..\HARDWARE\TIMER\timer.c                0x00000000   Number         0  timer.o ABSOLUTE
    ..\STM32F10x_FWLib\src\misc.c            0x00000000   Number         0  misc.o ABSOLUTE
    ..\STM32F10x_FWLib\src\stm32f10x_adc.c   0x00000000   Number         0  stm32f10x_adc.o ABSOLUTE
    ..\STM32F10x_FWLib\src\stm32f10x_exti.c  0x00000000   Number         0  stm32f10x_exti.o ABSOLUTE
    ..\STM32F10x_FWLib\src\stm32f10x_gpio.c  0x00000000   Number         0  stm32f10x_gpio.o ABSOLUTE
    ..\STM32F10x_FWLib\src\stm32f10x_i2c.c   0x00000000   Number         0  stm32f10x_i2c.o ABSOLUTE
    ..\STM32F10x_FWLib\src\stm32f10x_rcc.c   0x00000000   Number         0  stm32f10x_rcc.o ABSOLUTE
    ..\STM32F10x_FWLib\src\stm32f10x_rtc.c   0x00000000   Number         0  stm32f10x_rtc.o ABSOLUTE
    ..\STM32F10x_FWLib\src\stm32f10x_tim.c   0x00000000   Number         0  stm32f10x_tim.o ABSOLUTE
    ..\STM32F10x_FWLib\src\stm32f10x_usart.c 0x00000000   Number         0  stm32f10x_usart.o ABSOLUTE
    ..\SYSTEM\delay\delay.c                  0x00000000   Number         0  delay.o ABSOLUTE
    ..\SYSTEM\sys\sys.c                      0x00000000   Number         0  sys.o ABSOLUTE
    ..\SYSTEM\usart\usart.c                  0x00000000   Number         0  usart.o ABSOLUTE
    ..\\CORE\\core_cm3.c                     0x00000000   Number         0  core_cm3.o ABSOLUTE
    ..\\SYSTEM\\sys\\sys.c                   0x00000000   Number         0  sys.o ABSOLUTE
    dc.s                                     0x00000000   Number         0  dc.o ABSOLUTE
    main.c                                   0x00000000   Number         0  main.o ABSOLUTE
    stm32f10x_it.c                           0x00000000   Number         0  stm32f10x_it.o ABSOLUTE
    system_stm32f10x.c                       0x00000000   Number         0  system_stm32f10x.o ABSOLUTE
    RESET                                    0x08000000   Section      304  startup_stm32f10x_hd.o(RESET)
    !!!main                                  0x08000130   Section        8  __main.o(!!!main)
    !!!scatter                               0x08000138   Section       52  __scatter.o(!!!scatter)
    !!dczerorl2                              0x0800016c   Section       90  __dczerorl2.o(!!dczerorl2)
    !!handler_zi                             0x080001c8   Section       28  __scatter_zi.o(!!handler_zi)
    .ARM.Collect$$_printf_percent$$00000000  0x080001e4   Section        0  _printf_percent.o(.ARM.Collect$$_printf_percent$$00000000)
    .ARM.Collect$$_printf_percent$$00000003  0x080001e4   Section        6  _printf_f.o(.ARM.Collect$$_printf_percent$$00000003)
    .ARM.Collect$$_printf_percent$$00000009  0x080001ea   Section        6  _printf_d.o(.ARM.Collect$$_printf_percent$$00000009)
    .ARM.Collect$$_printf_percent$$00000017  0x080001f0   Section        4  _printf_percent_end.o(.ARM.Collect$$_printf_percent$$00000017)
    .ARM.Collect$$libinit$$00000000          0x080001f4   Section        2  libinit.o(.ARM.Collect$$libinit$$00000000)
    .ARM.Collect$$libinit$$00000002          0x080001f6   Section        0  libinit2.o(.ARM.Collect$$libinit$$00000002)
    .ARM.Collect$$libinit$$00000004          0x080001f6   Section        0  libinit2.o(.ARM.Collect$$libinit$$00000004)
    .ARM.Collect$$libinit$$0000000A          0x080001f6   Section        0  libinit2.o(.ARM.Collect$$libinit$$0000000A)
    .ARM.Collect$$libinit$$0000000C          0x080001f6   Section        0  libinit2.o(.ARM.Collect$$libinit$$0000000C)
    .ARM.Collect$$libinit$$0000000E          0x080001f6   Section        0  libinit2.o(.ARM.Collect$$libinit$$0000000E)
    .ARM.Collect$$libinit$$0000000F          0x080001f6   Section        6  libinit2.o(.ARM.Collect$$libinit$$0000000F)
    .ARM.Collect$$libinit$$00000011          0x080001fc   Section        0  libinit2.o(.ARM.Collect$$libinit$$00000011)
    .ARM.Collect$$libinit$$00000013          0x080001fc   Section        0  libinit2.o(.ARM.Collect$$libinit$$00000013)
    .ARM.Collect$$libinit$$00000015          0x080001fc   Section        0  libinit2.o(.ARM.Collect$$libinit$$00000015)
    .ARM.Collect$$libinit$$00000016          0x080001fc   Section       10  libinit2.o(.ARM.Collect$$libinit$$00000016)
    .ARM.Collect$$libinit$$00000017          0x08000206   Section        0  libinit2.o(.ARM.Collect$$libinit$$00000017)
    .ARM.Collect$$libinit$$00000019          0x08000206   Section        0  libinit2.o(.ARM.Collect$$libinit$$00000019)
    .ARM.Collect$$libinit$$0000001B          0x08000206   Section        0  libinit2.o(.ARM.Collect$$libinit$$0000001B)
    .ARM.Collect$$libinit$$0000001D          0x08000206   Section        0  libinit2.o(.ARM.Collect$$libinit$$0000001D)
    .ARM.Collect$$libinit$$0000001F          0x08000206   Section        0  libinit2.o(.ARM.Collect$$libinit$$0000001F)
    .ARM.Collect$$libinit$$00000021          0x08000206   Section        0  libinit2.o(.ARM.Collect$$libinit$$00000021)
    .ARM.Collect$$libinit$$00000023          0x08000206   Section        0  libinit2.o(.ARM.Collect$$libinit$$00000023)
    .ARM.Collect$$libinit$$00000025          0x08000206   Section        0  libinit2.o(.ARM.Collect$$libinit$$00000025)
    .ARM.Collect$$libinit$$0000002C          0x08000206   Section        0  libinit2.o(.ARM.Collect$$libinit$$0000002C)
    .ARM.Collect$$libinit$$0000002E          0x08000206   Section        0  libinit2.o(.ARM.Collect$$libinit$$0000002E)
    .ARM.Collect$$libinit$$00000030          0x08000206   Section        0  libinit2.o(.ARM.Collect$$libinit$$00000030)
    .ARM.Collect$$libinit$$00000032          0x08000206   Section        0  libinit2.o(.ARM.Collect$$libinit$$00000032)
    .ARM.Collect$$libinit$$00000033          0x08000206   Section        2  libinit2.o(.ARM.Collect$$libinit$$00000033)
    .ARM.Collect$$libshutdown$$00000000      0x08000208   Section        2  libshutdown.o(.ARM.Collect$$libshutdown$$00000000)
    .ARM.Collect$$libshutdown$$00000003      0x0800020a   Section        0  libshutdown2.o(.ARM.Collect$$libshutdown$$00000003)
    .ARM.Collect$$libshutdown$$00000006      0x0800020a   Section        0  libshutdown2.o(.ARM.Collect$$libshutdown$$00000006)
    .ARM.Collect$$libshutdown$$00000009      0x0800020a   Section        0  libshutdown2.o(.ARM.Collect$$libshutdown$$00000009)
    .ARM.Collect$$libshutdown$$0000000B      0x0800020a   Section        0  libshutdown2.o(.ARM.Collect$$libshutdown$$0000000B)
    .ARM.Collect$$libshutdown$$0000000E      0x0800020a   Section        0  libshutdown2.o(.ARM.Collect$$libshutdown$$0000000E)
    .ARM.Collect$$libshutdown$$0000000F      0x0800020a   Section        2  libshutdown2.o(.ARM.Collect$$libshutdown$$0000000F)
    .ARM.Collect$$rtentry$$00000000          0x0800020c   Section        0  __rtentry.o(.ARM.Collect$$rtentry$$00000000)
    .ARM.Collect$$rtentry$$00000002          0x0800020c   Section        0  __rtentry2.o(.ARM.Collect$$rtentry$$00000002)
    .ARM.Collect$$rtentry$$00000004          0x0800020c   Section        6  __rtentry4.o(.ARM.Collect$$rtentry$$00000004)
    .ARM.Collect$$rtentry$$00000009          0x08000212   Section        0  __rtentry2.o(.ARM.Collect$$rtentry$$00000009)
    .ARM.Collect$$rtentry$$0000000A          0x08000212   Section        4  __rtentry2.o(.ARM.Collect$$rtentry$$0000000A)
    .ARM.Collect$$rtentry$$0000000C          0x08000216   Section        0  __rtentry2.o(.ARM.Collect$$rtentry$$0000000C)
    .ARM.Collect$$rtentry$$0000000D          0x08000216   Section        8  __rtentry2.o(.ARM.Collect$$rtentry$$0000000D)
    .ARM.Collect$$rtexit$$00000000           0x0800021e   Section        2  rtexit.o(.ARM.Collect$$rtexit$$00000000)
    .ARM.Collect$$rtexit$$00000002           0x08000220   Section        0  rtexit2.o(.ARM.Collect$$rtexit$$00000002)
    .ARM.Collect$$rtexit$$00000003           0x08000220   Section        4  rtexit2.o(.ARM.Collect$$rtexit$$00000003)
    .ARM.Collect$$rtexit$$00000004           0x08000224   Section        6  rtexit2.o(.ARM.Collect$$rtexit$$00000004)
    .text                                    0x0800022c   Section        0  main.o(.text)
    .text                                    0x080002dc   Section        0  stm32f10x_it.o(.text)
    .text                                    0x080002f8   Section        0  system_stm32f10x.o(.text)
    SetSysClockTo72                          0x080002f9   Thumb Code   214  system_stm32f10x.o(.text)
    SetSysClock                              0x080003cf   Thumb Code     8  system_stm32f10x.o(.text)
    .text                                    0x080004d8   Section        0  timer.o(.text)
    .text                                    0x08000570   Section        0  iic.o(.text)
    .text                                    0x08000884   Section        0  fdc2214.o(.text)
    .text                                    0x08000eb0   Section        0  oled.o(.text)
    .text                                    0x080013a8   Section        0  control.o(.text)
    .text                                    0x08001fb0   Section        0  show.o(.text)
    .text                                    0x08002cb8   Section        0  delay.o(.text)
    .text                                    0x08002d8c   Section        0  sys.o(.text)
    .text                                    0x08003054   Section        0  usart.o(.text)
    .text                                    0x080031dc   Section       64  startup_stm32f10x_hd.o(.text)
    .text                                    0x0800321c   Section        0  stm32f10x_gpio.o(.text)
    .text                                    0x08003578   Section        0  stm32f10x_rcc.o(.text)
    .text                                    0x0800391c   Section        0  stm32f10x_usart.o(.text)
    .text                                    0x08003d24   Section        0  misc.o(.text)
    .text                                    0x08003e00   Section        0  stm32f10x_tim.o(.text)
    TI4_Config                               0x080042a7   Thumb Code   130  stm32f10x_tim.o(.text)
    TI3_Config                               0x0800433b   Thumb Code   122  stm32f10x_tim.o(.text)
    TI2_Config                               0x080043cf   Thumb Code   130  stm32f10x_tim.o(.text)
    TI1_Config                               0x08004463   Thumb Code   108  stm32f10x_tim.o(.text)
    .text                                    0x08004c1a   Section        2  use_no_semi_2.o(.text)
    .text                                    0x08004c1c   Section        0  noretval__2printf.o(.text)
    .text                                    0x08004c34   Section        0  __printf.o(.text)
    .text                                    0x08004c9c   Section        0  _printf_dec.o(.text)
    .text                                    0x08004d14   Section        0  heapauxi.o(.text)
    .text                                    0x08004d1a   Section        2  use_no_semi.o(.text)
    .text                                    0x08004d1c   Section        0  _printf_intcommon.o(.text)
    .text                                    0x08004dce   Section        0  _printf_fp_dec.o(.text)
    _fp_digits                               0x08004dd1   Thumb Code   428  _printf_fp_dec.o(.text)
    .text                                    0x080051e8   Section        0  _printf_char_file.o(.text)
    .text                                    0x0800520c   Section        8  rt_locale_intlibspace.o(.text)
    .text                                    0x08005214   Section      138  lludiv10.o(.text)
    .text                                    0x080052a0   Section        0  _printf_char_common.o(.text)
    _printf_input_char                       0x080052a1   Thumb Code    10  _printf_char_common.o(.text)
    .text                                    0x080052d0   Section        0  _printf_fp_infnan.o(.text)
    .text                                    0x08005350   Section        0  bigflt0.o(.text)
    .text                                    0x0800542c   Section        0  ferror.o(.text)
    .text                                    0x08005434   Section        8  libspace.o(.text)
    .text                                    0x0800543c   Section       74  sys_stackheap_outer.o(.text)
    .text                                    0x08005486   Section        0  exit.o(.text)
    .text                                    0x08005494   Section      128  strcmpv7m.o(.text)
    CL$$btod_d2e                             0x08005514   Section       62  btod.o(CL$$btod_d2e)
    CL$$btod_d2e_denorm_low                  0x08005552   Section       70  btod.o(CL$$btod_d2e_denorm_low)
    CL$$btod_d2e_norm_op1                    0x08005598   Section       96  btod.o(CL$$btod_d2e_norm_op1)
    CL$$btod_div_common                      0x080055f8   Section      824  btod.o(CL$$btod_div_common)
    CL$$btod_e2e                             0x08005930   Section      198  btod.o(CL$$btod_e2e)
    CL$$btod_ediv                            0x080059f6   Section       40  btod.o(CL$$btod_ediv)
    CL$$btod_emul                            0x08005a1e   Section       40  btod.o(CL$$btod_emul)
    CL$$btod_mult_common                     0x08005a46   Section      580  btod.o(CL$$btod_mult_common)
    i.__ARM_fpclassify                       0x08005c8a   Section        0  fpclassify.o(i.__ARM_fpclassify)
    locale$$code                             0x08005cb4   Section       44  lc_numeric_c.o(locale$$code)
    x$fpl$dadd                               0x08005ce0   Section      336  daddsub_clz.o(x$fpl$dadd)
    _dadd1                                   0x08005cf1   Thumb Code     0  daddsub_clz.o(x$fpl$dadd)
    x$fpl$dcmpinf                            0x08005e30   Section       24  dcmpi.o(x$fpl$dcmpinf)
    x$fpl$ddiv                               0x08005e48   Section      688  ddiv.o(x$fpl$ddiv)
    ddiv_entry                               0x08005e4f   Thumb Code     0  ddiv.o(x$fpl$ddiv)
    x$fpl$dfixu                              0x080060f8   Section       90  dfixu.o(x$fpl$dfixu)
    x$fpl$dflt                               0x08006152   Section       46  dflt_clz.o(x$fpl$dflt)
    x$fpl$dfltu                              0x08006180   Section       38  dflt_clz.o(x$fpl$dfltu)
    x$fpl$dleqf                              0x080061a8   Section      120  dleqf.o(x$fpl$dleqf)
    x$fpl$dmul                               0x08006220   Section      340  dmul.o(x$fpl$dmul)
    x$fpl$dnaninf                            0x08006374   Section      156  dnaninf.o(x$fpl$dnaninf)
    x$fpl$dretinf                            0x08006410   Section       12  dretinf.o(x$fpl$dretinf)
    x$fpl$drleqf                             0x0800641c   Section      108  drleqf.o(x$fpl$drleqf)
    x$fpl$dsub                               0x08006488   Section      468  daddsub_clz.o(x$fpl$dsub)
    _dsub1                                   0x08006499   Thumb Code     0  daddsub_clz.o(x$fpl$dsub)
    x$fpl$f2d                                0x0800665c   Section       86  f2d.o(x$fpl$f2d)
    x$fpl$fadd                               0x080066b4   Section      196  faddsub_clz.o(x$fpl$fadd)
    _fadd1                                   0x080066c3   Thumb Code     0  faddsub_clz.o(x$fpl$fadd)
    x$fpl$fdiv                               0x08006778   Section      388  fdiv.o(x$fpl$fdiv)
    _fdiv1                                   0x08006779   Thumb Code     0  fdiv.o(x$fpl$fdiv)
    x$fpl$ffixu                              0x080068fc   Section       62  ffixu.o(x$fpl$ffixu)
    x$fpl$ffltu                              0x0800693c   Section       38  fflt_clz.o(x$fpl$ffltu)
    x$fpl$fmul                               0x08006964   Section      258  fmul.o(x$fpl$fmul)
    x$fpl$fnaninf                            0x08006a66   Section      140  fnaninf.o(x$fpl$fnaninf)
    x$fpl$fretinf                            0x08006af2   Section       10  fretinf.o(x$fpl$fretinf)
    x$fpl$frsb                               0x08006afc   Section       20  faddsub_clz.o(x$fpl$frsb)
    x$fpl$fsub                               0x08006b10   Section      234  faddsub_clz.o(x$fpl$fsub)
    _fsub1                                   0x08006b1f   Thumb Code     0  faddsub_clz.o(x$fpl$fsub)
    x$fpl$printf1                            0x08006bfa   Section        4  printf1.o(x$fpl$printf1)
    .constdata                               0x08006bfe   Section     2072  oled.o(.constdata)
    x$fpl$usenofp                            0x08006bfe   Section        0  usenofp.o(x$fpl$usenofp)
    .constdata                               0x08007418   Section      148  bigflt0.o(.constdata)
    tenpwrs_x                                0x08007418   Data          60  bigflt0.o(.constdata)
    tenpwrs_i                                0x08007454   Data          64  bigflt0.o(.constdata)
    locale$$data                             0x080074cc   Section       28  lc_numeric_c.o(locale$$data)
    __lcnum_c_name                           0x080074d0   Data           2  lc_numeric_c.o(locale$$data)
    __lcnum_c_start                          0x080074d8   Data           0  lc_numeric_c.o(locale$$data)
    __lcnum_c_point                          0x080074e4   Data           0  lc_numeric_c.o(locale$$data)
    __lcnum_c_thousands                      0x080074e6   Data           0  lc_numeric_c.o(locale$$data)
    __lcnum_c_grouping                       0x080074e7   Data           0  lc_numeric_c.o(locale$$data)
    __lcnum_c_end                            0x080074e8   Data           0  lc_numeric_c.o(locale$$data)
    .data                                    0x20000000   Section       32  main.o(.data)
    .data                                    0x20000020   Section       20  system_stm32f10x.o(.data)
    .data                                    0x20000034   Section        4  fdc2214.o(.data)
    .data                                    0x20000038   Section     3072  oled.o(.data)
    .data                                    0x20000c38   Section       33  control.o(.data)
    .data                                    0x20000c5a   Section        4  delay.o(.data)
    fac_us                                   0x20000c5a   Data           1  delay.o(.data)
    fac_ms                                   0x20000c5c   Data           2  delay.o(.data)
    .data                                    0x20000c60   Section        6  usart.o(.data)
    .data                                    0x20000c66   Section       20  stm32f10x_rcc.o(.data)
    APBAHBPrescTable                         0x20000c66   Data          16  stm32f10x_rcc.o(.data)
    ADCPrescTable                            0x20000c76   Data           4  stm32f10x_rcc.o(.data)
    .bss                                     0x20000c80   Section       32  fdc2214.o(.bss)
    .bss                                     0x20000ca0   Section     6464  control.o(.bss)
    .bss                                     0x200025e0   Section      200  usart.o(.bss)
    .bss                                     0x200026a8   Section       96  libspace.o(.bss)
    HEAP                                     0x20002708   Section      512  startup_stm32f10x_hd.o(HEAP)
    Heap_Mem                                 0x20002708   Data         512  startup_stm32f10x_hd.o(HEAP)
    STACK                                    0x20002908   Section     1024  startup_stm32f10x_hd.o(STACK)
    Stack_Mem                                0x20002908   Data        1024  startup_stm32f10x_hd.o(STACK)
    __initial_sp                             0x20002d08   Data           0  startup_stm32f10x_hd.o(STACK)

    Global Symbols

    Symbol Name                              Value     Ov Type        Size  Object(Section)

    BuildAttributes$$THM_ISAv4$P$D$K$B$S$PE$A:L22UL41UL21$X:L11$S22US41US21$IEEE1$IW$USESV6$~STKCKD$USESV7$~SHL$OTIME$ROPI$IEEEJ$EBA8$UX$STANDARDLIB$REQ8$PRES8$EABIv2 0x00000000   Number         0  anon$$obj.o ABSOLUTE
    __ARM_use_no_argv                        0x00000000   Number         0  main.o ABSOLUTE
    __ARM_exceptions_init                     - Undefined Weak Reference
    __alloca_initialize                       - Undefined Weak Reference
    __arm_preinit_                            - Undefined Weak Reference
    __cpp_initialize__aeabi_                  - Undefined Weak Reference
    __cxa_finalize                            - Undefined Weak Reference
    __sigvec_lookup                           - Undefined Weak Reference
    _atexit_init                              - Undefined Weak Reference
    _call_atexit_fns                          - Undefined Weak Reference
    _clock_init                               - Undefined Weak Reference
    _fp_trap_init                             - Undefined Weak Reference
    _fp_trap_shutdown                         - Undefined Weak Reference
    _get_lc_collate                           - Undefined Weak Reference
    _get_lc_ctype                             - Undefined Weak Reference
    _get_lc_monetary                          - Undefined Weak Reference
    _get_lc_time                              - Undefined Weak Reference
    _getenv_init                              - Undefined Weak Reference
    _handle_redirection                       - Undefined Weak Reference
    _init_alloc                               - Undefined Weak Reference
    _init_user_alloc                          - Undefined Weak Reference
    _initio                                   - Undefined Weak Reference
    _mutex_acquire                            - Undefined Weak Reference
    _mutex_release                            - Undefined Weak Reference
    _printf_post_padding                      - Undefined Weak Reference
    _printf_pre_padding                       - Undefined Weak Reference
    _printf_truncate_signed                   - Undefined Weak Reference
    _printf_truncate_unsigned                 - Undefined Weak Reference
    _rand_init                                - Undefined Weak Reference
    _signal_finish                            - Undefined Weak Reference
    _signal_init                              - Undefined Weak Reference
    _terminate_alloc                          - Undefined Weak Reference
    _terminate_user_alloc                     - Undefined Weak Reference
    _terminateio                              - Undefined Weak Reference
    __Vectors_Size                           0x00000130   Number         0  startup_stm32f10x_hd.o ABSOLUTE
    __Vectors                                0x08000000   Data           4  startup_stm32f10x_hd.o(RESET)
    __Vectors_End                            0x08000130   Data           0  startup_stm32f10x_hd.o(RESET)
    __main                                   0x08000131   Thumb Code     8  __main.o(!!!main)
    __scatterload                            0x08000139   Thumb Code     0  __scatter.o(!!!scatter)
    __scatterload_rt2                        0x08000139   Thumb Code    44  __scatter.o(!!!scatter)
    __scatterload_rt2_thumb_only             0x08000139   Thumb Code     0  __scatter.o(!!!scatter)
    __scatterload_null                       0x08000147   Thumb Code     0  __scatter.o(!!!scatter)
    __decompress                             0x0800016d   Thumb Code    90  __dczerorl2.o(!!dczerorl2)
    __decompress1                            0x0800016d   Thumb Code     0  __dczerorl2.o(!!dczerorl2)
    __scatterload_zeroinit                   0x080001c9   Thumb Code    28  __scatter_zi.o(!!handler_zi)
    _printf_f                                0x080001e5   Thumb Code     0  _printf_f.o(.ARM.Collect$$_printf_percent$$00000003)
    _printf_percent                          0x080001e5   Thumb Code     0  _printf_percent.o(.ARM.Collect$$_printf_percent$$00000000)
    _printf_d                                0x080001eb   Thumb Code     0  _printf_d.o(.ARM.Collect$$_printf_percent$$00000009)
    _printf_percent_end                      0x080001f1   Thumb Code     0  _printf_percent_end.o(.ARM.Collect$$_printf_percent$$00000017)
    __rt_lib_init                            0x080001f5   Thumb Code     0  libinit.o(.ARM.Collect$$libinit$$00000000)
    __rt_lib_init_fp_1                       0x080001f7   Thumb Code     0  libinit2.o(.ARM.Collect$$libinit$$00000002)
    __rt_lib_init_heap_1                     0x080001f7   Thumb Code     0  libinit2.o(.ARM.Collect$$libinit$$0000000A)
    __rt_lib_init_lc_common                  0x080001f7   Thumb Code     0  libinit2.o(.ARM.Collect$$libinit$$0000000F)
    __rt_lib_init_preinit_1                  0x080001f7   Thumb Code     0  libinit2.o(.ARM.Collect$$libinit$$00000004)
    __rt_lib_init_rand_1                     0x080001f7   Thumb Code     0  libinit2.o(.ARM.Collect$$libinit$$0000000E)
    __rt_lib_init_user_alloc_1               0x080001f7   Thumb Code     0  libinit2.o(.ARM.Collect$$libinit$$0000000C)
    __rt_lib_init_lc_collate_1               0x080001fd   Thumb Code     0  libinit2.o(.ARM.Collect$$libinit$$00000011)
    __rt_lib_init_lc_ctype_1                 0x080001fd   Thumb Code     0  libinit2.o(.ARM.Collect$$libinit$$00000013)
    __rt_lib_init_lc_monetary_1              0x080001fd   Thumb Code     0  libinit2.o(.ARM.Collect$$libinit$$00000015)
    __rt_lib_init_lc_numeric_2               0x080001fd   Thumb Code     0  libinit2.o(.ARM.Collect$$libinit$$00000016)
    __rt_lib_init_alloca_1                   0x08000207   Thumb Code     0  libinit2.o(.ARM.Collect$$libinit$$0000002E)
    __rt_lib_init_argv_1                     0x08000207   Thumb Code     0  libinit2.o(.ARM.Collect$$libinit$$0000002C)
    __rt_lib_init_atexit_1                   0x08000207   Thumb Code     0  libinit2.o(.ARM.Collect$$libinit$$0000001B)
    __rt_lib_init_clock_1                    0x08000207   Thumb Code     0  libinit2.o(.ARM.Collect$$libinit$$00000021)
    __rt_lib_init_cpp_1                      0x08000207   Thumb Code     0  libinit2.o(.ARM.Collect$$libinit$$00000032)
    __rt_lib_init_exceptions_1               0x08000207   Thumb Code     0  libinit2.o(.ARM.Collect$$libinit$$00000030)
    __rt_lib_init_fp_trap_1                  0x08000207   Thumb Code     0  libinit2.o(.ARM.Collect$$libinit$$0000001F)
    __rt_lib_init_getenv_1                   0x08000207   Thumb Code     0  libinit2.o(.ARM.Collect$$libinit$$00000023)
    __rt_lib_init_lc_numeric_1               0x08000207   Thumb Code     0  libinit2.o(.ARM.Collect$$libinit$$00000017)
    __rt_lib_init_lc_time_1                  0x08000207   Thumb Code     0  libinit2.o(.ARM.Collect$$libinit$$00000019)
    __rt_lib_init_return                     0x08000207   Thumb Code     0  libinit2.o(.ARM.Collect$$libinit$$00000033)
    __rt_lib_init_signal_1                   0x08000207   Thumb Code     0  libinit2.o(.ARM.Collect$$libinit$$0000001D)
    __rt_lib_init_stdio_1                    0x08000207   Thumb Code     0  libinit2.o(.ARM.Collect$$libinit$$00000025)
    __rt_lib_shutdown                        0x08000209   Thumb Code     0  libshutdown.o(.ARM.Collect$$libshutdown$$00000000)
    __rt_lib_shutdown_fp_trap_1              0x0800020b   Thumb Code     0  libshutdown2.o(.ARM.Collect$$libshutdown$$00000006)
    __rt_lib_shutdown_heap_1                 0x0800020b   Thumb Code     0  libshutdown2.o(.ARM.Collect$$libshutdown$$0000000E)
    __rt_lib_shutdown_return                 0x0800020b   Thumb Code     0  libshutdown2.o(.ARM.Collect$$libshutdown$$0000000F)
    __rt_lib_shutdown_signal_1               0x0800020b   Thumb Code     0  libshutdown2.o(.ARM.Collect$$libshutdown$$00000009)
    __rt_lib_shutdown_stdio_1                0x0800020b   Thumb Code     0  libshutdown2.o(.ARM.Collect$$libshutdown$$00000003)
    __rt_lib_shutdown_user_alloc_1           0x0800020b   Thumb Code     0  libshutdown2.o(.ARM.Collect$$libshutdown$$0000000B)
    __rt_entry                               0x0800020d   Thumb Code     0  __rtentry.o(.ARM.Collect$$rtentry$$00000000)
    __rt_entry_presh_1                       0x0800020d   Thumb Code     0  __rtentry2.o(.ARM.Collect$$rtentry$$00000002)
    __rt_entry_sh                            0x0800020d   Thumb Code     0  __rtentry4.o(.ARM.Collect$$rtentry$$00000004)
    __rt_entry_li                            0x08000213   Thumb Code     0  __rtentry2.o(.ARM.Collect$$rtentry$$0000000A)
    __rt_entry_postsh_1                      0x08000213   Thumb Code     0  __rtentry2.o(.ARM.Collect$$rtentry$$00000009)
    __rt_entry_main                          0x08000217   Thumb Code     0  __rtentry2.o(.ARM.Collect$$rtentry$$0000000D)
    __rt_entry_postli_1                      0x08000217   Thumb Code     0  __rtentry2.o(.ARM.Collect$$rtentry$$0000000C)
    __rt_exit                                0x0800021f   Thumb Code     0  rtexit.o(.ARM.Collect$$rtexit$$00000000)
    __rt_exit_ls                             0x08000221   Thumb Code     0  rtexit2.o(.ARM.Collect$$rtexit$$00000003)
    __rt_exit_prels_1                        0x08000221   Thumb Code     0  rtexit2.o(.ARM.Collect$$rtexit$$00000002)
    __rt_exit_exit                           0x08000225   Thumb Code     0  rtexit2.o(.ARM.Collect$$rtexit$$00000004)
    main                                     0x0800022d   Thumb Code   100  main.o(.text)
    FDC2214_GetData                          0x08000291   Thumb Code    36  main.o(.text)
    NMI_Handler                              0x080002dd   Thumb Code     2  stm32f10x_it.o(.text)
    HardFault_Handler                        0x080002df   Thumb Code     4  stm32f10x_it.o(.text)
    MemManage_Handler                        0x080002e3   Thumb Code     4  stm32f10x_it.o(.text)
    BusFault_Handler                         0x080002e7   Thumb Code     4  stm32f10x_it.o(.text)
    UsageFault_Handler                       0x080002eb   Thumb Code     4  stm32f10x_it.o(.text)
    SVC_Handler                              0x080002ef   Thumb Code     2  stm32f10x_it.o(.text)
    DebugMon_Handler                         0x080002f1   Thumb Code     2  stm32f10x_it.o(.text)
    PendSV_Handler                           0x080002f3   Thumb Code     2  stm32f10x_it.o(.text)
    SysTick_Handler                          0x080002f5   Thumb Code     2  stm32f10x_it.o(.text)
    SystemInit                               0x080003d7   Thumb Code    78  system_stm32f10x.o(.text)
    SystemCoreClockUpdate                    0x08000425   Thumb Code   142  system_stm32f10x.o(.text)
    TIM1_36Mhz_Init                          0x080004d9   Thumb Code   142  timer.o(.text)
    IIC_Init                                 0x08000571   Thumb Code    62  iic.o(.text)
    delay_2us                                0x080005af   Thumb Code   140  iic.o(.text)
    IIC_Start                                0x0800063b   Thumb Code    64  iic.o(.text)
    IIC_Stop                                 0x0800067b   Thumb Code    74  iic.o(.text)
    IIC_Wait_Ack                             0x080006c5   Thumb Code    86  iic.o(.text)
    IIC_Ack                                  0x0800071b   Thumb Code    74  iic.o(.text)
    IIC_NAck                                 0x08000765   Thumb Code    74  iic.o(.text)
    IIC_Send_Byte                            0x080007af   Thumb Code    86  iic.o(.text)
    IIC_Read_Byte                            0x08000805   Thumb Code   110  iic.o(.text)
    FDC2214_Write16                          0x08000885   Thumb Code    68  fdc2214.o(.text)
    FDC2214_Read16                           0x080008c9   Thumb Code    76  fdc2214.o(.text)
    FDC2214_GetChannelData                   0x08000915   Thumb Code   146  fdc2214.o(.text)
    FDC2214_SetRcount                        0x080009a7   Thumb Code    82  fdc2214.o(.text)
    FDC2214_SetSettleCount                   0x080009f9   Thumb Code    74  fdc2214.o(.text)
    FDC2214_SetChannelClock                  0x08000a43   Thumb Code   132  fdc2214.o(.text)
    FDC2214_SetINTB                          0x08000ac7   Thumb Code    72  fdc2214.o(.text)
    FDC2214_SetActiveChannel                 0x08000b0f   Thumb Code    42  fdc2214.o(.text)
    FDC2214_SetSleepMode                     0x08000b39   Thumb Code    40  fdc2214.o(.text)
    FDC2214_SetCurrentMode                   0x08000b61   Thumb Code    40  fdc2214.o(.text)
    FDC2214_SetClockSource                   0x08000b89   Thumb Code    40  fdc2214.o(.text)
    FDC2214_SetHighCurrentMode               0x08000bb1   Thumb Code    40  fdc2214.o(.text)
    FDC2214_SetMUX_CONFIG                    0x08000bd9   Thumb Code    48  fdc2214.o(.text)
    FDC2214_Reset                            0x08000c09   Thumb Code    16  fdc2214.o(.text)
    FDC2214_SetDriveCurrent                  0x08000c19   Thumb Code    84  fdc2214.o(.text)
    FDC2214_CalculateFrequency               0x08000c6d   Thumb Code    90  fdc2214.o(.text)
    FDC2214_CalculateCapacitance             0x08000cc7   Thumb Code   126  fdc2214.o(.text)
    FDC2214_Init                             0x08000d45   Thumb Code   238  fdc2214.o(.text)
    FDC2214_getcap                           0x08000e33   Thumb Code   126  fdc2214.o(.text)
    OLED_WR_Byte                             0x08000eb1   Thumb Code    96  oled.o(.text)
    OLED_Set_Pos                             0x08000f11   Thumb Code    46  oled.o(.text)
    OLED_Display_On                          0x08000f3f   Thumb Code    28  oled.o(.text)
    OLED_Display_Off                         0x08000f5b   Thumb Code    28  oled.o(.text)
    OLED_Clear                               0x08000f77   Thumb Code    64  oled.o(.text)
    OLED_ShowChar                            0x08000fb7   Thumb Code   106  oled.o(.text)
    oled_pow                                 0x08001021   Thumb Code    22  oled.o(.text)
    OLED_ShowNum                             0x08001037   Thumb Code   132  oled.o(.text)
    OLED_ShowString                          0x080010bb   Thumb Code    50  oled.o(.text)
    OLED_ShowCHinese                         0x080010ed   Thumb Code    98  oled.o(.text)
    OLED_DrawBMP                             0x0800114f   Thumb Code   118  oled.o(.text)
    OLED_Init                                0x080011c5   Thumb Code   482  oled.o(.text)
    HqTrain                                  0x080013a9   Thumb Code   806  control.o(.text)
    Huaquan                                  0x080016cf   Thumb Code   672  control.o(.text)
    CqTrain                                  0x0800196f   Thumb Code   632  control.o(.text)
    Caiquan                                  0x08001be7   Thumb Code   440  control.o(.text)
    CPChannel_Control                        0x08001d9f   Thumb Code   354  control.o(.text)
    menu_main                                0x08001fb1   Thumb Code   288  show.o(.text)
    mod3_1                                   0x080020d1   Thumb Code   216  show.o(.text)
    taring_mod1                              0x080021a9   Thumb Code   460  show.o(.text)
    taring_mod2                              0x08002375   Thumb Code   774  show.o(.text)
    fix_up                                   0x0800267b   Thumb Code    96  show.o(.text)
    mod_1_testing                            0x080026db   Thumb Code   130  show.o(.text)
    mod_2_testing                            0x0800275d   Thumb Code   130  show.o(.text)
    mod1_0                                   0x080027df   Thumb Code   162  show.o(.text)
    mod1_2                                   0x08002881   Thumb Code   162  show.o(.text)
    mod1_5                                   0x08002923   Thumb Code   152  show.o(.text)
    mod2_1                                   0x080029bb   Thumb Code   152  show.o(.text)
    mod2_2                                   0x08002a53   Thumb Code   156  show.o(.text)
    mod2_3                                   0x08002aef   Thumb Code   152  show.o(.text)
    mod2_4                                   0x08002b87   Thumb Code   152  show.o(.text)
    mod2_5                                   0x08002c1f   Thumb Code   152  show.o(.text)
    delay_init                               0x08002cb9   Thumb Code    50  delay.o(.text)
    delay_us                                 0x08002ceb   Thumb Code    72  delay.o(.text)
    delay_ms                                 0x08002d33   Thumb Code    72  delay.o(.text)
    MY_NVIC_SetVectorTable                   0x08002d8d   Thumb Code    12  sys.o(.text)
    MY_NVIC_PriorityGroupConfig              0x08002d99   Thumb Code    36  sys.o(.text)
    MY_NVIC_Init                             0x08002dbd   Thumb Code   116  sys.o(.text)
    Ex_NVIC_Config                           0x08002e31   Thumb Code   146  sys.o(.text)
    MYRCC_DeInit                             0x08002ec3   Thumb Code    90  sys.o(.text)
    WFI_SET                                  0x08002f1d   Thumb Code     4  sys.o(.text)
    INTX_DISABLE                             0x08002f21   Thumb Code     4  sys.o(.text)
    INTX_ENABLE                              0x08002f25   Thumb Code     4  sys.o(.text)
    Sys_Standby                              0x08002f29   Thumb Code    68  sys.o(.text)
    Sys_Soft_Reset                           0x08002f6d   Thumb Code    12  sys.o(.text)
    JTAG_Set                                 0x08002f79   Thumb Code    42  sys.o(.text)
    Stm32_Clock_Init                         0x08002fa3   Thumb Code   134  sys.o(.text)
    _sys_exit                                0x08003055   Thumb Code     6  usart.o(.text)
    fputc                                    0x0800305b   Thumb Code    24  usart.o(.text)
    uart_init                                0x08003073   Thumb Code   214  usart.o(.text)
    USART1_IRQHandler                        0x08003149   Thumb Code   122  usart.o(.text)
    Reset_Handler                            0x080031dd   Thumb Code     8  startup_stm32f10x_hd.o(.text)
    ADC1_2_IRQHandler                        0x080031f7   Thumb Code     0  startup_stm32f10x_hd.o(.text)
    ADC3_IRQHandler                          0x080031f7   Thumb Code     0  startup_stm32f10x_hd.o(.text)
    CAN1_RX1_IRQHandler                      0x080031f7   Thumb Code     0  startup_stm32f10x_hd.o(.text)
    CAN1_SCE_IRQHandler                      0x080031f7   Thumb Code     0  startup_stm32f10x_hd.o(.text)
    DMA1_Channel1_IRQHandler                 0x080031f7   Thumb Code     0  startup_stm32f10x_hd.o(.text)
    DMA1_Channel2_IRQHandler                 0x080031f7   Thumb Code     0  startup_stm32f10x_hd.o(.text)
    DMA1_Channel3_IRQHandler                 0x080031f7   Thumb Code     0  startup_stm32f10x_hd.o(.text)
    DMA1_Channel4_IRQHandler                 0x080031f7   Thumb Code     0  startup_stm32f10x_hd.o(.text)
    DMA1_Channel5_IRQHandler                 0x080031f7   Thumb Code     0  startup_stm32f10x_hd.o(.text)
    DMA1_Channel6_IRQHandler                 0x080031f7   Thumb Code     0  startup_stm32f10x_hd.o(.text)
    DMA1_Channel7_IRQHandler                 0x080031f7   Thumb Code     0  startup_stm32f10x_hd.o(.text)
    DMA2_Channel1_IRQHandler                 0x080031f7   Thumb Code     0  startup_stm32f10x_hd.o(.text)
    DMA2_Channel2_IRQHandler                 0x080031f7   Thumb Code     0  startup_stm32f10x_hd.o(.text)
    DMA2_Channel3_IRQHandler                 0x080031f7   Thumb Code     0  startup_stm32f10x_hd.o(.text)
    DMA2_Channel4_5_IRQHandler               0x080031f7   Thumb Code     0  startup_stm32f10x_hd.o(.text)
    EXTI0_IRQHandler                         0x080031f7   Thumb Code     0  startup_stm32f10x_hd.o(.text)
    EXTI15_10_IRQHandler                     0x080031f7   Thumb Code     0  startup_stm32f10x_hd.o(.text)
    EXTI1_IRQHandler                         0x080031f7   Thumb Code     0  startup_stm32f10x_hd.o(.text)
    EXTI2_IRQHandler                         0x080031f7   Thumb Code     0  startup_stm32f10x_hd.o(.text)
    EXTI3_IRQHandler                         0x080031f7   Thumb Code     0  startup_stm32f10x_hd.o(.text)
    EXTI4_IRQHandler                         0x080031f7   Thumb Code     0  startup_stm32f10x_hd.o(.text)
    EXTI9_5_IRQHandler                       0x080031f7   Thumb Code     0  startup_stm32f10x_hd.o(.text)
    FLASH_IRQHandler                         0x080031f7   Thumb Code     0  startup_stm32f10x_hd.o(.text)
    FSMC_IRQHandler                          0x080031f7   Thumb Code     0  startup_stm32f10x_hd.o(.text)
    I2C1_ER_IRQHandler                       0x080031f7   Thumb Code     0  startup_stm32f10x_hd.o(.text)
    I2C1_EV_IRQHandler                       0x080031f7   Thumb Code     0  startup_stm32f10x_hd.o(.text)
    I2C2_ER_IRQHandler                       0x080031f7   Thumb Code     0  startup_stm32f10x_hd.o(.text)
    I2C2_EV_IRQHandler                       0x080031f7   Thumb Code     0  startup_stm32f10x_hd.o(.text)
    PVD_IRQHandler                           0x080031f7   Thumb Code     0  startup_stm32f10x_hd.o(.text)
    RCC_IRQHandler                           0x080031f7   Thumb Code     0  startup_stm32f10x_hd.o(.text)
    RTCAlarm_IRQHandler                      0x080031f7   Thumb Code     0  startup_stm32f10x_hd.o(.text)
    RTC_IRQHandler                           0x080031f7   Thumb Code     0  startup_stm32f10x_hd.o(.text)
    SDIO_IRQHandler                          0x080031f7   Thumb Code     0  startup_stm32f10x_hd.o(.text)
    SPI1_IRQHandler                          0x080031f7   Thumb Code     0  startup_stm32f10x_hd.o(.text)
    SPI2_IRQHandler                          0x080031f7   Thumb Code     0  startup_stm32f10x_hd.o(.text)
    SPI3_IRQHandler                          0x080031f7   Thumb Code     0  startup_stm32f10x_hd.o(.text)
    TAMPER_IRQHandler                        0x080031f7   Thumb Code     0  startup_stm32f10x_hd.o(.text)
    TIM1_BRK_IRQHandler                      0x080031f7   Thumb Code     0  startup_stm32f10x_hd.o(.text)
    TIM1_CC_IRQHandler                       0x080031f7   Thumb Code     0  startup_stm32f10x_hd.o(.text)
    TIM1_TRG_COM_IRQHandler                  0x080031f7   Thumb Code     0  startup_stm32f10x_hd.o(.text)
    TIM1_UP_IRQHandler                       0x080031f7   Thumb Code     0  startup_stm32f10x_hd.o(.text)
    TIM2_IRQHandler                          0x080031f7   Thumb Code     0  startup_stm32f10x_hd.o(.text)
    TIM3_IRQHandler                          0x080031f7   Thumb Code     0  startup_stm32f10x_hd.o(.text)
    TIM4_IRQHandler                          0x080031f7   Thumb Code     0  startup_stm32f10x_hd.o(.text)
    TIM5_IRQHandler                          0x080031f7   Thumb Code     0  startup_stm32f10x_hd.o(.text)
    TIM6_IRQHandler                          0x080031f7   Thumb Code     0  startup_stm32f10x_hd.o(.text)
    TIM7_IRQHandler                          0x080031f7   Thumb Code     0  startup_stm32f10x_hd.o(.text)
    TIM8_BRK_IRQHandler                      0x080031f7   Thumb Code     0  startup_stm32f10x_hd.o(.text)
    TIM8_CC_IRQHandler                       0x080031f7   Thumb Code     0  startup_stm32f10x_hd.o(.text)
    TIM8_TRG_COM_IRQHandler                  0x080031f7   Thumb Code     0  startup_stm32f10x_hd.o(.text)
    TIM8_UP_IRQHandler                       0x080031f7   Thumb Code     0  startup_stm32f10x_hd.o(.text)
    UART4_IRQHandler                         0x080031f7   Thumb Code     0  startup_stm32f10x_hd.o(.text)
    UART5_IRQHandler                         0x080031f7   Thumb Code     0  startup_stm32f10x_hd.o(.text)
    USART2_IRQHandler                        0x080031f7   Thumb Code     0  startup_stm32f10x_hd.o(.text)
    USART3_IRQHandler                        0x080031f7   Thumb Code     0  startup_stm32f10x_hd.o(.text)
    USBWakeUp_IRQHandler                     0x080031f7   Thumb Code     0  startup_stm32f10x_hd.o(.text)
    USB_HP_CAN1_TX_IRQHandler                0x080031f7   Thumb Code     0  startup_stm32f10x_hd.o(.text)
    USB_LP_CAN1_RX0_IRQHandler               0x080031f7   Thumb Code     0  startup_stm32f10x_hd.o(.text)
    WWDG_IRQHandler                          0x080031f7   Thumb Code     0  startup_stm32f10x_hd.o(.text)
    __user_initial_stackheap                 0x080031f9   Thumb Code     0  startup_stm32f10x_hd.o(.text)
    GPIO_DeInit                              0x0800321d   Thumb Code   172  stm32f10x_gpio.o(.text)
    GPIO_AFIODeInit                          0x080032c9   Thumb Code    20  stm32f10x_gpio.o(.text)
    GPIO_Init                                0x080032dd   Thumb Code   278  stm32f10x_gpio.o(.text)
    GPIO_StructInit                          0x080033f3   Thumb Code    16  stm32f10x_gpio.o(.text)
    GPIO_ReadInputDataBit                    0x08003403   Thumb Code    18  stm32f10x_gpio.o(.text)
    GPIO_ReadInputData                       0x08003415   Thumb Code     8  stm32f10x_gpio.o(.text)
    GPIO_ReadOutputDataBit                   0x0800341d   Thumb Code    18  stm32f10x_gpio.o(.text)
    GPIO_ReadOutputData                      0x0800342f   Thumb Code     8  stm32f10x_gpio.o(.text)
    GPIO_SetBits                             0x08003437   Thumb Code     4  stm32f10x_gpio.o(.text)
    GPIO_ResetBits                           0x0800343b   Thumb Code     4  stm32f10x_gpio.o(.text)
    GPIO_WriteBit                            0x0800343f   Thumb Code    10  stm32f10x_gpio.o(.text)
    GPIO_Write                               0x08003449   Thumb Code     4  stm32f10x_gpio.o(.text)
    GPIO_PinLockConfig                       0x0800344d   Thumb Code    18  stm32f10x_gpio.o(.text)
    GPIO_EventOutputConfig                   0x0800345f   Thumb Code    26  stm32f10x_gpio.o(.text)
    GPIO_EventOutputCmd                      0x08003479   Thumb Code     6  stm32f10x_gpio.o(.text)
    GPIO_PinRemapConfig                      0x0800347f   Thumb Code   138  stm32f10x_gpio.o(.text)
    GPIO_EXTILineConfig                      0x08003509   Thumb Code    66  stm32f10x_gpio.o(.text)
    GPIO_ETH_MediaInterfaceConfig            0x0800354b   Thumb Code     8  stm32f10x_gpio.o(.text)
    RCC_DeInit                               0x08003579   Thumb Code    64  stm32f10x_rcc.o(.text)
    RCC_HSEConfig                            0x080035b9   Thumb Code    70  stm32f10x_rcc.o(.text)
    RCC_GetFlagStatus                        0x080035ff   Thumb Code    56  stm32f10x_rcc.o(.text)
    RCC_WaitForHSEStartUp                    0x08003637   Thumb Code    56  stm32f10x_rcc.o(.text)
    RCC_AdjustHSICalibrationValue            0x0800366f   Thumb Code    20  stm32f10x_rcc.o(.text)
    RCC_HSICmd                               0x08003683   Thumb Code     6  stm32f10x_rcc.o(.text)
    RCC_PLLConfig                            0x08003689   Thumb Code    24  stm32f10x_rcc.o(.text)
    RCC_PLLCmd                               0x080036a1   Thumb Code     6  stm32f10x_rcc.o(.text)
    RCC_SYSCLKConfig                         0x080036a7   Thumb Code    18  stm32f10x_rcc.o(.text)
    RCC_GetSYSCLKSource                      0x080036b9   Thumb Code    10  stm32f10x_rcc.o(.text)
    RCC_HCLKConfig                           0x080036c3   Thumb Code    18  stm32f10x_rcc.o(.text)
    RCC_PCLK1Config                          0x080036d5   Thumb Code    18  stm32f10x_rcc.o(.text)
    RCC_PCLK2Config                          0x080036e7   Thumb Code    20  stm32f10x_rcc.o(.text)
    RCC_ITConfig                             0x080036fb   Thumb Code    26  stm32f10x_rcc.o(.text)
    RCC_USBCLKConfig                         0x08003715   Thumb Code     8  stm32f10x_rcc.o(.text)
    RCC_ADCCLKConfig                         0x0800371d   Thumb Code    18  stm32f10x_rcc.o(.text)
    RCC_LSEConfig                            0x0800372f   Thumb Code    50  stm32f10x_rcc.o(.text)
    RCC_LSICmd                               0x08003761   Thumb Code     6  stm32f10x_rcc.o(.text)
    RCC_RTCCLKConfig                         0x08003767   Thumb Code    12  stm32f10x_rcc.o(.text)
    RCC_RTCCLKCmd                            0x08003773   Thumb Code     8  stm32f10x_rcc.o(.text)
    RCC_GetClocksFreq                        0x0800377b   Thumb Code   192  stm32f10x_rcc.o(.text)
    RCC_AHBPeriphClockCmd                    0x0800383b   Thumb Code    26  stm32f10x_rcc.o(.text)
    RCC_APB2PeriphClockCmd                   0x08003855   Thumb Code    26  stm32f10x_rcc.o(.text)
    RCC_APB1PeriphClockCmd                   0x0800386f   Thumb Code    26  stm32f10x_rcc.o(.text)
    RCC_APB2PeriphResetCmd                   0x08003889   Thumb Code    26  stm32f10x_rcc.o(.text)
    RCC_APB1PeriphResetCmd                   0x080038a3   Thumb Code    26  stm32f10x_rcc.o(.text)
    RCC_BackupResetCmd                       0x080038bd   Thumb Code     8  stm32f10x_rcc.o(.text)
    RCC_ClockSecuritySystemCmd               0x080038c5   Thumb Code     6  stm32f10x_rcc.o(.text)
    RCC_MCOConfig                            0x080038cb   Thumb Code     6  stm32f10x_rcc.o(.text)
    RCC_ClearFlag                            0x080038d1   Thumb Code    14  stm32f10x_rcc.o(.text)
    RCC_GetITStatus                          0x080038df   Thumb Code    20  stm32f10x_rcc.o(.text)
    RCC_ClearITPendingBit                    0x080038f3   Thumb Code     6  stm32f10x_rcc.o(.text)
    USART_DeInit                             0x0800391d   Thumb Code   134  stm32f10x_usart.o(.text)
    USART_Init                               0x080039a3   Thumb Code   210  stm32f10x_usart.o(.text)
    USART_StructInit                         0x08003a75   Thumb Code    24  stm32f10x_usart.o(.text)
    USART_ClockInit                          0x08003a8d   Thumb Code    34  stm32f10x_usart.o(.text)
    USART_ClockStructInit                    0x08003aaf   Thumb Code    12  stm32f10x_usart.o(.text)
    USART_Cmd                                0x08003abb   Thumb Code    24  stm32f10x_usart.o(.text)
    USART_ITConfig                           0x08003ad3   Thumb Code    74  stm32f10x_usart.o(.text)
    USART_DMACmd                             0x08003b1d   Thumb Code    18  stm32f10x_usart.o(.text)
    USART_SetAddress                         0x08003b2f   Thumb Code    18  stm32f10x_usart.o(.text)
    USART_WakeUpConfig                       0x08003b41   Thumb Code    18  stm32f10x_usart.o(.text)
    USART_ReceiverWakeUpCmd                  0x08003b53   Thumb Code    24  stm32f10x_usart.o(.text)
    USART_LINBreakDetectLengthConfig         0x08003b6b   Thumb Code    18  stm32f10x_usart.o(.text)
    USART_LINCmd                             0x08003b7d   Thumb Code    24  stm32f10x_usart.o(.text)
    USART_SendData                           0x08003b95   Thumb Code     8  stm32f10x_usart.o(.text)
    USART_ReceiveData                        0x08003b9d   Thumb Code    10  stm32f10x_usart.o(.text)
    USART_SendBreak                          0x08003ba7   Thumb Code    10  stm32f10x_usart.o(.text)
    USART_SetGuardTime                       0x08003bb1   Thumb Code    16  stm32f10x_usart.o(.text)
    USART_SetPrescaler                       0x08003bc1   Thumb Code    16  stm32f10x_usart.o(.text)
    USART_SmartCardCmd                       0x08003bd1   Thumb Code    24  stm32f10x_usart.o(.text)
    USART_SmartCardNACKCmd                   0x08003be9   Thumb Code    24  stm32f10x_usart.o(.text)
    USART_HalfDuplexCmd                      0x08003c01   Thumb Code    24  stm32f10x_usart.o(.text)
    USART_OverSampling8Cmd                   0x08003c19   Thumb Code    22  stm32f10x_usart.o(.text)
    USART_OneBitMethodCmd                    0x08003c2f   Thumb Code    24  stm32f10x_usart.o(.text)
    USART_IrDAConfig                         0x08003c47   Thumb Code    18  stm32f10x_usart.o(.text)
    USART_IrDACmd                            0x08003c59   Thumb Code    24  stm32f10x_usart.o(.text)
    USART_GetFlagStatus                      0x08003c71   Thumb Code    26  stm32f10x_usart.o(.text)
    USART_ClearFlag                          0x08003c8b   Thumb Code    18  stm32f10x_usart.o(.text)
    USART_GetITStatus                        0x08003c9d   Thumb Code    84  stm32f10x_usart.o(.text)
    USART_ClearITPendingBit                  0x08003cf1   Thumb Code    52  stm32f10x_usart.o(.text)
    NVIC_PriorityGroupConfig                 0x08003d25   Thumb Code    10  misc.o(.text)
    NVIC_Init                                0x08003d2f   Thumb Code   100  misc.o(.text)
    NVIC_SetVectorTable                      0x08003d93   Thumb Code    14  misc.o(.text)
    NVIC_SystemLPConfig                      0x08003da1   Thumb Code    34  misc.o(.text)
    SysTick_CLKSourceConfig                  0x08003dc3   Thumb Code    40  misc.o(.text)
    TIM_DeInit                               0x08003e01   Thumb Code   424  stm32f10x_tim.o(.text)
    TIM_TimeBaseInit                         0x08003fa9   Thumb Code   122  stm32f10x_tim.o(.text)
    TIM_OC1Init                              0x08004023   Thumb Code   132  stm32f10x_tim.o(.text)
    TIM_OC2Init                              0x080040a7   Thumb Code   154  stm32f10x_tim.o(.text)
    TIM_OC3Init                              0x08004141   Thumb Code   150  stm32f10x_tim.o(.text)
    TIM_OC4Init                              0x080041d7   Thumb Code   182  stm32f10x_tim.o(.text)
    TIM_SetIC4Prescaler                      0x0800428d   Thumb Code    26  stm32f10x_tim.o(.text)
    TIM_SetIC3Prescaler                      0x08004329   Thumb Code    18  stm32f10x_tim.o(.text)
    TIM_SetIC2Prescaler                      0x080043b5   Thumb Code    26  stm32f10x_tim.o(.text)
    TIM_SetIC1Prescaler                      0x08004451   Thumb Code    18  stm32f10x_tim.o(.text)
    TIM_ICInit                               0x080044cf   Thumb Code   150  stm32f10x_tim.o(.text)
    TIM_PWMIConfig                           0x08004565   Thumb Code   124  stm32f10x_tim.o(.text)
    TIM_BDTRConfig                           0x080045e1   Thumb Code    32  stm32f10x_tim.o(.text)
    TIM_TimeBaseStructInit                   0x08004601   Thumb Code    18  stm32f10x_tim.o(.text)
    TIM_OCStructInit                         0x08004613   Thumb Code    20  stm32f10x_tim.o(.text)
    TIM_ICStructInit                         0x08004627   Thumb Code    18  stm32f10x_tim.o(.text)
    TIM_BDTRStructInit                       0x08004639   Thumb Code    40  stm32f10x_tim.o(.text)
    TIM_Cmd                                  0x08004661   Thumb Code    24  stm32f10x_tim.o(.text)
    TIM_CtrlPWMOutputs                       0x08004679   Thumb Code    30  stm32f10x_tim.o(.text)
    TIM_ITConfig                             0x08004697   Thumb Code    18  stm32f10x_tim.o(.text)
    TIM_GenerateEvent                        0x080046a9   Thumb Code     4  stm32f10x_tim.o(.text)
    TIM_DMAConfig                            0x080046ad   Thumb Code    10  stm32f10x_tim.o(.text)
    TIM_DMACmd                               0x080046b7   Thumb Code    18  stm32f10x_tim.o(.text)
    TIM_InternalClockConfig                  0x080046c9   Thumb Code    12  stm32f10x_tim.o(.text)
    TIM_SelectInputTrigger                   0x080046d5   Thumb Code    18  stm32f10x_tim.o(.text)
    TIM_ITRxExternalClockConfig              0x080046e7   Thumb Code    24  stm32f10x_tim.o(.text)
    TIM_TIxExternalClockConfig               0x080046ff   Thumb Code    62  stm32f10x_tim.o(.text)
    TIM_ETRConfig                            0x0800473d   Thumb Code    28  stm32f10x_tim.o(.text)
    TIM_ETRClockMode1Config                  0x08004759   Thumb Code    54  stm32f10x_tim.o(.text)
    TIM_ETRClockMode2Config                  0x0800478f   Thumb Code    32  stm32f10x_tim.o(.text)
    TIM_PrescalerConfig                      0x080047af   Thumb Code     6  stm32f10x_tim.o(.text)
    TIM_CounterModeConfig                    0x080047b5   Thumb Code    18  stm32f10x_tim.o(.text)
    TIM_EncoderInterfaceConfig               0x080047c7   Thumb Code    66  stm32f10x_tim.o(.text)
    TIM_ForcedOC1Config                      0x08004809   Thumb Code    18  stm32f10x_tim.o(.text)
    TIM_ForcedOC2Config                      0x0800481b   Thumb Code    26  stm32f10x_tim.o(.text)
    TIM_ForcedOC3Config                      0x08004835   Thumb Code    18  stm32f10x_tim.o(.text)
    TIM_ForcedOC4Config                      0x08004847   Thumb Code    26  stm32f10x_tim.o(.text)
    TIM_ARRPreloadConfig                     0x08004861   Thumb Code    24  stm32f10x_tim.o(.text)
    TIM_SelectCOM                            0x08004879   Thumb Code    24  stm32f10x_tim.o(.text)
    TIM_SelectCCDMA                          0x08004891   Thumb Code    24  stm32f10x_tim.o(.text)
    TIM_CCPreloadControl                     0x080048a9   Thumb Code    24  stm32f10x_tim.o(.text)
    TIM_OC1PreloadConfig                     0x080048c1   Thumb Code    18  stm32f10x_tim.o(.text)
    TIM_OC2PreloadConfig                     0x080048d3   Thumb Code    26  stm32f10x_tim.o(.text)
    TIM_OC3PreloadConfig                     0x080048ed   Thumb Code    18  stm32f10x_tim.o(.text)
    TIM_OC4PreloadConfig                     0x080048ff   Thumb Code    26  stm32f10x_tim.o(.text)
    TIM_OC1FastConfig                        0x08004919   Thumb Code    18  stm32f10x_tim.o(.text)
    TIM_OC2FastConfig                        0x0800492b   Thumb Code    26  stm32f10x_tim.o(.text)
    TIM_OC3FastConfig                        0x08004945   Thumb Code    18  stm32f10x_tim.o(.text)
    TIM_OC4FastConfig                        0x08004957   Thumb Code    26  stm32f10x_tim.o(.text)
    TIM_ClearOC1Ref                          0x08004971   Thumb Code    18  stm32f10x_tim.o(.text)
    TIM_ClearOC2Ref                          0x08004983   Thumb Code    24  stm32f10x_tim.o(.text)
    TIM_ClearOC3Ref                          0x0800499b   Thumb Code    18  stm32f10x_tim.o(.text)
    TIM_ClearOC4Ref                          0x080049ad   Thumb Code    24  stm32f10x_tim.o(.text)
    TIM_OC1PolarityConfig                    0x080049c5   Thumb Code    18  stm32f10x_tim.o(.text)
    TIM_OC1NPolarityConfig                   0x080049d7   Thumb Code    18  stm32f10x_tim.o(.text)
    TIM_OC2PolarityConfig                    0x080049e9   Thumb Code    26  stm32f10x_tim.o(.text)
    TIM_OC2NPolarityConfig                   0x08004a03   Thumb Code    26  stm32f10x_tim.o(.text)
    TIM_OC3PolarityConfig                    0x08004a1d   Thumb Code    26  stm32f10x_tim.o(.text)
    TIM_OC3NPolarityConfig                   0x08004a37   Thumb Code    26  stm32f10x_tim.o(.text)
    TIM_OC4PolarityConfig                    0x08004a51   Thumb Code    26  stm32f10x_tim.o(.text)
    TIM_CCxCmd                               0x08004a6b   Thumb Code    30  stm32f10x_tim.o(.text)
    TIM_CCxNCmd                              0x08004a89   Thumb Code    30  stm32f10x_tim.o(.text)
    TIM_SelectOCxM                           0x08004aa7   Thumb Code    82  stm32f10x_tim.o(.text)
    TIM_UpdateDisableConfig                  0x08004af9   Thumb Code    24  stm32f10x_tim.o(.text)
    TIM_UpdateRequestConfig                  0x08004b11   Thumb Code    24  stm32f10x_tim.o(.text)
    TIM_SelectHallSensor                     0x08004b29   Thumb Code    24  stm32f10x_tim.o(.text)
    TIM_SelectOnePulseMode                   0x08004b41   Thumb Code    18  stm32f10x_tim.o(.text)
    TIM_SelectOutputTrigger                  0x08004b53   Thumb Code    18  stm32f10x_tim.o(.text)
    TIM_SelectSlaveMode                      0x08004b65   Thumb Code    18  stm32f10x_tim.o(.text)
    TIM_SelectMasterSlaveMode                0x08004b77   Thumb Code    18  stm32f10x_tim.o(.text)
    TIM_SetCounter                           0x08004b89   Thumb Code     4  stm32f10x_tim.o(.text)
    TIM_SetAutoreload                        0x08004b8d   Thumb Code     4  stm32f10x_tim.o(.text)
    TIM_SetCompare1                          0x08004b91   Thumb Code     4  stm32f10x_tim.o(.text)
    TIM_SetCompare2                          0x08004b95   Thumb Code     4  stm32f10x_tim.o(.text)
    TIM_SetCompare3                          0x08004b99   Thumb Code     4  stm32f10x_tim.o(.text)
    TIM_SetCompare4                          0x08004b9d   Thumb Code     6  stm32f10x_tim.o(.text)
    TIM_SetClockDivision                     0x08004ba3   Thumb Code    18  stm32f10x_tim.o(.text)
    TIM_GetCapture1                          0x08004bb5   Thumb Code     6  stm32f10x_tim.o(.text)
    TIM_GetCapture2                          0x08004bbb   Thumb Code     6  stm32f10x_tim.o(.text)
    TIM_GetCapture3                          0x08004bc1   Thumb Code     6  stm32f10x_tim.o(.text)
    TIM_GetCapture4                          0x08004bc7   Thumb Code     8  stm32f10x_tim.o(.text)
    TIM_GetCounter                           0x08004bcf   Thumb Code     6  stm32f10x_tim.o(.text)
    TIM_GetPrescaler                         0x08004bd5   Thumb Code     6  stm32f10x_tim.o(.text)
    TIM_GetFlagStatus                        0x08004bdb   Thumb Code    18  stm32f10x_tim.o(.text)
    TIM_ClearFlag                            0x08004bed   Thumb Code     6  stm32f10x_tim.o(.text)
    TIM_GetITStatus                          0x08004bf3   Thumb Code    34  stm32f10x_tim.o(.text)
    TIM_ClearITPendingBit                    0x08004c15   Thumb Code     6  stm32f10x_tim.o(.text)
    __use_no_semihosting                     0x08004c1b   Thumb Code     2  use_no_semi_2.o(.text)
    __2printf                                0x08004c1d   Thumb Code    20  noretval__2printf.o(.text)
    __printf                                 0x08004c35   Thumb Code   104  __printf.o(.text)
    _printf_int_dec                          0x08004c9d   Thumb Code   104  _printf_dec.o(.text)
    __use_two_region_memory                  0x08004d15   Thumb Code     2  heapauxi.o(.text)
    __rt_heap_escrow$2region                 0x08004d17   Thumb Code     2  heapauxi.o(.text)
    __rt_heap_expand$2region                 0x08004d19   Thumb Code     2  heapauxi.o(.text)
    __I$use$semihosting                      0x08004d1b   Thumb Code     0  use_no_semi.o(.text)
    __use_no_semihosting_swi                 0x08004d1b   Thumb Code     2  use_no_semi.o(.text)
    _printf_int_common                       0x08004d1d   Thumb Code   178  _printf_intcommon.o(.text)
    __lib_sel_fp_printf                      0x08004dcf   Thumb Code     2  _printf_fp_dec.o(.text)
    _printf_fp_dec_real                      0x08004f7d   Thumb Code   620  _printf_fp_dec.o(.text)
    _printf_char_file                        0x080051e9   Thumb Code    32  _printf_char_file.o(.text)
    __rt_locale                              0x0800520d   Thumb Code     8  rt_locale_intlibspace.o(.text)
    _ll_udiv10                               0x08005215   Thumb Code   138  lludiv10.o(.text)
    _printf_char_common                      0x080052ab   Thumb Code    32  _printf_char_common.o(.text)
    _printf_fp_infnan                        0x080052d1   Thumb Code   112  _printf_fp_infnan.o(.text)
    _btod_etento                             0x08005351   Thumb Code   216  bigflt0.o(.text)
    ferror                                   0x0800542d   Thumb Code     8  ferror.o(.text)
    __user_libspace                          0x08005435   Thumb Code     8  libspace.o(.text)
    __user_perproc_libspace                  0x08005435   Thumb Code     0  libspace.o(.text)
    __user_perthread_libspace                0x08005435   Thumb Code     0  libspace.o(.text)
    __user_setup_stackheap                   0x0800543d   Thumb Code    74  sys_stackheap_outer.o(.text)
    exit                                     0x08005487   Thumb Code    12  exit.o(.text)
    strcmp                                   0x08005495   Thumb Code   128  strcmpv7m.o(.text)
    _btod_d2e                                0x08005515   Thumb Code    62  btod.o(CL$$btod_d2e)
    _d2e_denorm_low                          0x08005553   Thumb Code    70  btod.o(CL$$btod_d2e_denorm_low)
    _d2e_norm_op1                            0x08005599   Thumb Code    96  btod.o(CL$$btod_d2e_norm_op1)
    __btod_div_common                        0x080055f9   Thumb Code   696  btod.o(CL$$btod_div_common)
    _e2e                                     0x08005931   Thumb Code   198  btod.o(CL$$btod_e2e)
    _btod_ediv                               0x080059f7   Thumb Code    40  btod.o(CL$$btod_ediv)
    _btod_emul                               0x08005a1f   Thumb Code    40  btod.o(CL$$btod_emul)
    __btod_mult_common                       0x08005a47   Thumb Code   580  btod.o(CL$$btod_mult_common)
    __ARM_fpclassify                         0x08005c8b   Thumb Code    40  fpclassify.o(i.__ARM_fpclassify)
    _get_lc_numeric                          0x08005cb5   Thumb Code    44  lc_numeric_c.o(locale$$code)
    __aeabi_dadd                             0x08005ce1   Thumb Code     0  daddsub_clz.o(x$fpl$dadd)
    _dadd                                    0x08005ce1   Thumb Code   332  daddsub_clz.o(x$fpl$dadd)
    __fpl_dcmp_Inf                           0x08005e31   Thumb Code    24  dcmpi.o(x$fpl$dcmpinf)
    __aeabi_ddiv                             0x08005e49   Thumb Code     0  ddiv.o(x$fpl$ddiv)
    _ddiv                                    0x08005e49   Thumb Code   552  ddiv.o(x$fpl$ddiv)
    __aeabi_d2uiz                            0x080060f9   Thumb Code     0  dfixu.o(x$fpl$dfixu)
    _dfixu                                   0x080060f9   Thumb Code    90  dfixu.o(x$fpl$dfixu)
    __aeabi_i2d                              0x08006153   Thumb Code     0  dflt_clz.o(x$fpl$dflt)
    _dflt                                    0x08006153   Thumb Code    46  dflt_clz.o(x$fpl$dflt)
    __aeabi_ui2d                             0x08006181   Thumb Code     0  dflt_clz.o(x$fpl$dfltu)
    _dfltu                                   0x08006181   Thumb Code    38  dflt_clz.o(x$fpl$dfltu)
    __aeabi_cdcmple                          0x080061a9   Thumb Code     0  dleqf.o(x$fpl$dleqf)
    _dcmple                                  0x080061a9   Thumb Code   120  dleqf.o(x$fpl$dleqf)
    __fpl_dcmple_InfNaN                      0x0800620b   Thumb Code     0  dleqf.o(x$fpl$dleqf)
    __aeabi_dmul                             0x08006221   Thumb Code     0  dmul.o(x$fpl$dmul)
    _dmul                                    0x08006221   Thumb Code   332  dmul.o(x$fpl$dmul)
    __fpl_dnaninf                            0x08006375   Thumb Code   156  dnaninf.o(x$fpl$dnaninf)
    __fpl_dretinf                            0x08006411   Thumb Code    12  dretinf.o(x$fpl$dretinf)
    __aeabi_cdrcmple                         0x0800641d   Thumb Code     0  drleqf.o(x$fpl$drleqf)
    _drcmple                                 0x0800641d   Thumb Code   108  drleqf.o(x$fpl$drleqf)
    __aeabi_dsub                             0x08006489   Thumb Code     0  daddsub_clz.o(x$fpl$dsub)
    _dsub                                    0x08006489   Thumb Code   464  daddsub_clz.o(x$fpl$dsub)
    __aeabi_f2d                              0x0800665d   Thumb Code     0  f2d.o(x$fpl$f2d)
    _f2d                                     0x0800665d   Thumb Code    86  f2d.o(x$fpl$f2d)
    __aeabi_fadd                             0x080066b5   Thumb Code     0  faddsub_clz.o(x$fpl$fadd)
    _fadd                                    0x080066b5   Thumb Code   196  faddsub_clz.o(x$fpl$fadd)
    __aeabi_fdiv                             0x08006779   Thumb Code     0  fdiv.o(x$fpl$fdiv)
    _fdiv                                    0x08006779   Thumb Code   384  fdiv.o(x$fpl$fdiv)
    __aeabi_f2uiz                            0x080068fd   Thumb Code     0  ffixu.o(x$fpl$ffixu)
    _ffixu                                   0x080068fd   Thumb Code    62  ffixu.o(x$fpl$ffixu)
    __aeabi_ui2f                             0x0800693d   Thumb Code     0  fflt_clz.o(x$fpl$ffltu)
    _ffltu                                   0x0800693d   Thumb Code    38  fflt_clz.o(x$fpl$ffltu)
    __aeabi_fmul                             0x08006965   Thumb Code     0  fmul.o(x$fpl$fmul)
    _fmul                                    0x08006965   Thumb Code   258  fmul.o(x$fpl$fmul)
    __fpl_fnaninf                            0x08006a67   Thumb Code   140  fnaninf.o(x$fpl$fnaninf)
    __fpl_fretinf                            0x08006af3   Thumb Code    10  fretinf.o(x$fpl$fretinf)
    __aeabi_frsub                            0x08006afd   Thumb Code     0  faddsub_clz.o(x$fpl$frsb)
    _frsb                                    0x08006afd   Thumb Code    20  faddsub_clz.o(x$fpl$frsb)
    __aeabi_fsub                             0x08006b11   Thumb Code     0  faddsub_clz.o(x$fpl$fsub)
    _fsub                                    0x08006b11   Thumb Code   234  faddsub_clz.o(x$fpl$fsub)
    _printf_fp_dec                           0x08006bfb   Thumb Code     4  printf1.o(x$fpl$printf1)
    F6x8                                     0x08006bfe   Data         552  oled.o(.constdata)
    __I$use$fp                               0x08006bfe   Number         0  usenofp.o(x$fpl$usenofp)
    F8X16                                    0x08006e26   Data        1520  oled.o(.constdata)
    Region$$Table$$Base                      0x080074ac   Number         0  anon$$obj.o(Region$$Table)
    Region$$Table$$Limit                     0x080074cc   Number         0  anon$$obj.o(Region$$Table)
    ch0                                      0x20000000   Data           4  main.o(.data)
    ch1                                      0x20000004   Data           4  main.o(.data)
    ch2                                      0x20000008   Data           4  main.o(.data)
    ch3                                      0x2000000c   Data           4  main.o(.data)
    fre                                      0x20000010   Data           8  main.o(.data)
    cap3_first                               0x20000018   Data           8  main.o(.data)
    SystemCoreClock                          0x20000020   Data           4  system_stm32f10x.o(.data)
    AHBPrescTable                            0x20000024   Data          16  system_stm32f10x.o(.data)
    CHx_FIN_SEL                              0x20000034   Data           4  fdc2214.o(.data)
    Hzk                                      0x20000038   Data        3072  oled.o(.data)
    KEY2_Flag                                0x20000c38   Data           1  control.o(.data)
    KEY1_Flag                                0x20000c39   Data           1  control.o(.data)
    KEY0_Flag                                0x20000c3a   Data           1  control.o(.data)
    cap3_mid                                 0x20000c40   Data           8  control.o(.data)
    cap3_last                                0x20000c48   Data           8  control.o(.data)
    cap3_mid1                                0x20000c50   Data           8  control.o(.data)
    init                                     0x20000c58   Data           1  control.o(.data)
    __stdout                                 0x20000c60   Data           4  usart.o(.data)
    USART_RX_STA                             0x20000c64   Data           2  usart.o(.data)
    fREFx                                    0x20000c80   Data          32  fdc2214.o(.bss)
    train_C                                  0x20000ca0   Data        2400  control.o(.bss)
    trainC                                   0x20001600   Data          24  control.o(.bss)
    train_H                                  0x20001618   Data        4000  control.o(.bss)
    trainH                                   0x200025b8   Data          40  control.o(.bss)
    USART_RX_BUF                             0x200025e0   Data         200  usart.o(.bss)
    __libspace_start                         0x200026a8   Data          96  libspace.o(.bss)
    __temporary_stack_top$libspace           0x20002708   Data           0  libspace.o(.bss)



==============================================================================

Memory Map of the image

  Image Entry point : 0x08000131

  Load Region LR_IROM1 (Base: 0x08000000, Size: 0x00008164, Max: 0x00010000, ABSOLUTE, COMPRESSED[0x00007a08])

    Execution Region ER_IROM1 (Base: 0x08000000, Size: 0x000074e8, Max: 0x00010000, ABSOLUTE)

    Base Addr    Size         Type   Attr      Idx    E Section Name        Object

    0x08000000   0x00000130   Data   RO          434    RESET               startup_stm32f10x_hd.o
    0x08000130   0x00000008   Code   RO          586  * !!!main             c_w.l(__main.o)
    0x08000138   0x00000034   Code   RO          865    !!!scatter          c_w.l(__scatter.o)
    0x0800016c   0x0000005a   Code   RO          863    !!dczerorl2         c_w.l(__dczerorl2.o)
    0x080001c6   0x00000002   PAD
    0x080001c8   0x0000001c   Code   RO          867    !!handler_zi        c_w.l(__scatter_zi.o)
    0x080001e4   0x00000000   Code   RO          583    .ARM.Collect$$_printf_percent$$00000000  c_w.l(_printf_percent.o)
    0x080001e4   0x00000006   Code   RO          582    .ARM.Collect$$_printf_percent$$00000003  c_w.l(_printf_f.o)
    0x080001ea   0x00000006   Code   RO          581    .ARM.Collect$$_printf_percent$$00000009  c_w.l(_printf_d.o)
    0x080001f0   0x00000004   Code   RO          651    .ARM.Collect$$_printf_percent$$00000017  c_w.l(_printf_percent_end.o)
    0x080001f4   0x00000002   Code   RO          741    .ARM.Collect$$libinit$$00000000  c_w.l(libinit.o)
    0x080001f6   0x00000000   Code   RO          743    .ARM.Collect$$libinit$$00000002  c_w.l(libinit2.o)
    0x080001f6   0x00000000   Code   RO          745    .ARM.Collect$$libinit$$00000004  c_w.l(libinit2.o)
    0x080001f6   0x00000000   Code   RO          748    .ARM.Collect$$libinit$$0000000A  c_w.l(libinit2.o)
    0x080001f6   0x00000000   Code   RO          750    .ARM.Collect$$libinit$$0000000C  c_w.l(libinit2.o)
    0x080001f6   0x00000000   Code   RO          752    .ARM.Collect$$libinit$$0000000E  c_w.l(libinit2.o)
    0x080001f6   0x00000006   Code   RO          753    .ARM.Collect$$libinit$$0000000F  c_w.l(libinit2.o)
    0x080001fc   0x00000000   Code   RO          755    .ARM.Collect$$libinit$$00000011  c_w.l(libinit2.o)
    0x080001fc   0x00000000   Code   RO          757    .ARM.Collect$$libinit$$00000013  c_w.l(libinit2.o)
    0x080001fc   0x00000000   Code   RO          759    .ARM.Collect$$libinit$$00000015  c_w.l(libinit2.o)
    0x080001fc   0x0000000a   Code   RO          760    .ARM.Collect$$libinit$$00000016  c_w.l(libinit2.o)
    0x08000206   0x00000000   Code   RO          761    .ARM.Collect$$libinit$$00000017  c_w.l(libinit2.o)
    0x08000206   0x00000000   Code   RO          763    .ARM.Collect$$libinit$$00000019  c_w.l(libinit2.o)
    0x08000206   0x00000000   Code   RO          765    .ARM.Collect$$libinit$$0000001B  c_w.l(libinit2.o)
    0x08000206   0x00000000   Code   RO          767    .ARM.Collect$$libinit$$0000001D  c_w.l(libinit2.o)
    0x08000206   0x00000000   Code   RO          769    .ARM.Collect$$libinit$$0000001F  c_w.l(libinit2.o)
    0x08000206   0x00000000   Code   RO          771    .ARM.Collect$$libinit$$00000021  c_w.l(libinit2.o)
    0x08000206   0x00000000   Code   RO          773    .ARM.Collect$$libinit$$00000023  c_w.l(libinit2.o)
    0x08000206   0x00000000   Code   RO          775    .ARM.Collect$$libinit$$00000025  c_w.l(libinit2.o)
    0x08000206   0x00000000   Code   RO          779    .ARM.Collect$$libinit$$0000002C  c_w.l(libinit2.o)
    0x08000206   0x00000000   Code   RO          781    .ARM.Collect$$libinit$$0000002E  c_w.l(libinit2.o)
    0x08000206   0x00000000   Code   RO          783    .ARM.Collect$$libinit$$00000030  c_w.l(libinit2.o)
    0x08000206   0x00000000   Code   RO          785    .ARM.Collect$$libinit$$00000032  c_w.l(libinit2.o)
    0x08000206   0x00000002   Code   RO          786    .ARM.Collect$$libinit$$00000033  c_w.l(libinit2.o)
    0x08000208   0x00000002   Code   RO          814    .ARM.Collect$$libshutdown$$00000000  c_w.l(libshutdown.o)
    0x0800020a   0x00000000   Code   RO          824    .ARM.Collect$$libshutdown$$00000003  c_w.l(libshutdown2.o)
    0x0800020a   0x00000000   Code   RO          827    .ARM.Collect$$libshutdown$$00000006  c_w.l(libshutdown2.o)
    0x0800020a   0x00000000   Code   RO          830    .ARM.Collect$$libshutdown$$00000009  c_w.l(libshutdown2.o)
    0x0800020a   0x00000000   Code   RO          832    .ARM.Collect$$libshutdown$$0000000B  c_w.l(libshutdown2.o)
    0x0800020a   0x00000000   Code   RO          835    .ARM.Collect$$libshutdown$$0000000E  c_w.l(libshutdown2.o)
    0x0800020a   0x00000002   Code   RO          836    .ARM.Collect$$libshutdown$$0000000F  c_w.l(libshutdown2.o)
    0x0800020c   0x00000000   Code   RO          644    .ARM.Collect$$rtentry$$00000000  c_w.l(__rtentry.o)
    0x0800020c   0x00000000   Code   RO          664    .ARM.Collect$$rtentry$$00000002  c_w.l(__rtentry2.o)
    0x0800020c   0x00000006   Code   RO          676    .ARM.Collect$$rtentry$$00000004  c_w.l(__rtentry4.o)
    0x08000212   0x00000000   Code   RO          666    .ARM.Collect$$rtentry$$00000009  c_w.l(__rtentry2.o)
    0x08000212   0x00000004   Code   RO          667    .ARM.Collect$$rtentry$$0000000A  c_w.l(__rtentry2.o)
    0x08000216   0x00000000   Code   RO          669    .ARM.Collect$$rtentry$$0000000C  c_w.l(__rtentry2.o)
    0x08000216   0x00000008   Code   RO          670    .ARM.Collect$$rtentry$$0000000D  c_w.l(__rtentry2.o)
    0x0800021e   0x00000002   Code   RO          787    .ARM.Collect$$rtexit$$00000000  c_w.l(rtexit.o)
    0x08000220   0x00000000   Code   RO          794    .ARM.Collect$$rtexit$$00000002  c_w.l(rtexit2.o)
    0x08000220   0x00000004   Code   RO          795    .ARM.Collect$$rtexit$$00000003  c_w.l(rtexit2.o)
    0x08000224   0x00000006   Code   RO          796    .ARM.Collect$$rtexit$$00000004  c_w.l(rtexit2.o)
    0x0800022a   0x00000002   PAD
    0x0800022c   0x000000b0   Code   RO            1    .text               main.o
    0x080002dc   0x0000001a   Code   RO          143    .text               stm32f10x_it.o
    0x080002f6   0x00000002   PAD
    0x080002f8   0x000001e0   Code   RO          184    .text               system_stm32f10x.o
    0x080004d8   0x00000098   Code   RO          218    .text               timer.o
    0x08000570   0x00000314   Code   RO          230    .text               iic.o
    0x08000884   0x0000062c   Code   RO          257    .text               fdc2214.o
    0x08000eb0   0x000004f6   Code   RO          273    .text               oled.o
    0x080013a6   0x00000002   PAD
    0x080013a8   0x00000c08   Code   RO          295    .text               control.o
    0x08001fb0   0x00000d06   Code   RO          344    .text               show.o
    0x08002cb6   0x00000002   PAD
    0x08002cb8   0x000000d4   Code   RO          368    .text               delay.o
    0x08002d8c   0x000002c8   Code   RO          383    .text               sys.o
    0x08003054   0x00000188   Code   RO          399    .text               usart.o
    0x080031dc   0x00000040   Code   RO          435    .text               startup_stm32f10x_hd.o
    0x0800321c   0x0000035c   Code   RO          439    .text               stm32f10x_gpio.o
    0x08003578   0x000003a4   Code   RO          451    .text               stm32f10x_rcc.o
    0x0800391c   0x00000408   Code   RO          465    .text               stm32f10x_usart.o
    0x08003d24   0x000000dc   Code   RO          477    .text               misc.o
    0x08003e00   0x00000e1a   Code   RO          501    .text               stm32f10x_tim.o
    0x08004c1a   0x00000002   Code   RO          551    .text               c_w.l(use_no_semi_2.o)
    0x08004c1c   0x00000018   Code   RO          555    .text               c_w.l(noretval__2printf.o)
    0x08004c34   0x00000068   Code   RO          557    .text               c_w.l(__printf.o)
    0x08004c9c   0x00000078   Code   RO          559    .text               c_w.l(_printf_dec.o)
    0x08004d14   0x00000006   Code   RO          584    .text               c_w.l(heapauxi.o)
    0x08004d1a   0x00000002   Code   RO          642    .text               c_w.l(use_no_semi.o)
    0x08004d1c   0x000000b2   Code   RO          645    .text               c_w.l(_printf_intcommon.o)
    0x08004dce   0x0000041a   Code   RO          647    .text               c_w.l(_printf_fp_dec.o)
    0x080051e8   0x00000024   Code   RO          649    .text               c_w.l(_printf_char_file.o)
    0x0800520c   0x00000008   Code   RO          681    .text               c_w.l(rt_locale_intlibspace.o)
    0x08005214   0x0000008a   Code   RO          683    .text               c_w.l(lludiv10.o)
    0x0800529e   0x00000002   PAD
    0x080052a0   0x00000030   Code   RO          685    .text               c_w.l(_printf_char_common.o)
    0x080052d0   0x00000080   Code   RO          687    .text               c_w.l(_printf_fp_infnan.o)
    0x08005350   0x000000dc   Code   RO          689    .text               c_w.l(bigflt0.o)
    0x0800542c   0x00000008   Code   RO          714    .text               c_w.l(ferror.o)
    0x08005434   0x00000008   Code   RO          725    .text               c_w.l(libspace.o)
    0x0800543c   0x0000004a   Code   RO          728    .text               c_w.l(sys_stackheap_outer.o)
    0x08005486   0x0000000c   Code   RO          732    .text               c_w.l(exit.o)
    0x08005492   0x00000002   PAD
    0x08005494   0x00000080   Code   RO          734    .text               c_w.l(strcmpv7m.o)
    0x08005514   0x0000003e   Code   RO          692    CL$$btod_d2e        c_w.l(btod.o)
    0x08005552   0x00000046   Code   RO          694    CL$$btod_d2e_denorm_low  c_w.l(btod.o)
    0x08005598   0x00000060   Code   RO          693    CL$$btod_d2e_norm_op1  c_w.l(btod.o)
    0x080055f8   0x00000338   Code   RO          702    CL$$btod_div_common  c_w.l(btod.o)
    0x08005930   0x000000c6   Code   RO          699    CL$$btod_e2e        c_w.l(btod.o)
    0x080059f6   0x00000028   Code   RO          696    CL$$btod_ediv       c_w.l(btod.o)
    0x08005a1e   0x00000028   Code   RO          695    CL$$btod_emul       c_w.l(btod.o)
    0x08005a46   0x00000244   Code   RO          701    CL$$btod_mult_common  c_w.l(btod.o)
    0x08005c8a   0x00000028   Code   RO          723    i.__ARM_fpclassify  m_ws.l(fpclassify.o)
    0x08005cb2   0x00000002   PAD
    0x08005cb4   0x0000002c   Code   RO          719    locale$$code        c_w.l(lc_numeric_c.o)
    0x08005ce0   0x00000150   Code   RO          590    x$fpl$dadd          fz_ws.l(daddsub_clz.o)
    0x08005e30   0x00000018   Code   RO          652    x$fpl$dcmpinf       fz_ws.l(dcmpi.o)
    0x08005e48   0x000002b0   Code   RO          597    x$fpl$ddiv          fz_ws.l(ddiv.o)
    0x080060f8   0x0000005a   Code   RO          600    x$fpl$dfixu         fz_ws.l(dfixu.o)
    0x08006152   0x0000002e   Code   RO          605    x$fpl$dflt          fz_ws.l(dflt_clz.o)
    0x08006180   0x00000026   Code   RO          604    x$fpl$dfltu         fz_ws.l(dflt_clz.o)
    0x080061a6   0x00000002   PAD
    0x080061a8   0x00000078   Code   RO          610    x$fpl$dleqf         fz_ws.l(dleqf.o)
    0x08006220   0x00000154   Code   RO          612    x$fpl$dmul          fz_ws.l(dmul.o)
    0x08006374   0x0000009c   Code   RO          654    x$fpl$dnaninf       fz_ws.l(dnaninf.o)
    0x08006410   0x0000000c   Code   RO          656    x$fpl$dretinf       fz_ws.l(dretinf.o)
    0x0800641c   0x0000006c   Code   RO          614    x$fpl$drleqf        fz_ws.l(drleqf.o)
    0x08006488   0x000001d4   Code   RO          592    x$fpl$dsub          fz_ws.l(daddsub_clz.o)
    0x0800665c   0x00000056   Code   RO          616    x$fpl$f2d           fz_ws.l(f2d.o)
    0x080066b2   0x00000002   PAD
    0x080066b4   0x000000c4   Code   RO          618    x$fpl$fadd          fz_ws.l(faddsub_clz.o)
    0x08006778   0x00000184   Code   RO          625    x$fpl$fdiv          fz_ws.l(fdiv.o)
    0x080068fc   0x0000003e   Code   RO          628    x$fpl$ffixu         fz_ws.l(ffixu.o)
    0x0800693a   0x00000002   PAD
    0x0800693c   0x00000026   Code   RO          632    x$fpl$ffltu         fz_ws.l(fflt_clz.o)
    0x08006962   0x00000002   PAD
    0x08006964   0x00000102   Code   RO          638    x$fpl$fmul          fz_ws.l(fmul.o)
    0x08006a66   0x0000008c   Code   RO          658    x$fpl$fnaninf       fz_ws.l(fnaninf.o)
    0x08006af2   0x0000000a   Code   RO          660    x$fpl$fretinf       fz_ws.l(fretinf.o)
    0x08006afc   0x00000014   Code   RO          619    x$fpl$frsb          fz_ws.l(faddsub_clz.o)
    0x08006b10   0x000000ea   Code   RO          620    x$fpl$fsub          fz_ws.l(faddsub_clz.o)
    0x08006bfa   0x00000004   Code   RO          640    x$fpl$printf1       fz_ws.l(printf1.o)
    0x08006bfe   0x00000000   Code   RO          662    x$fpl$usenofp       fz_ws.l(usenofp.o)
    0x08006bfe   0x00000818   Data   RO          274    .constdata          oled.o
    0x08007416   0x00000002   PAD
    0x08007418   0x00000094   Data   RO          690    .constdata          c_w.l(bigflt0.o)
    0x080074ac   0x00000020   Data   RO          861    Region$$Table       anon$$obj.o
    0x080074cc   0x0000001c   Data   RO          718    locale$$data        c_w.l(lc_numeric_c.o)


    Execution Region RW_IRAM1 (Base: 0x20000000, Size: 0x00002d08, Max: 0x00005000, ABSOLUTE, COMPRESSED[0x00000520])

    Base Addr    Size         Type   Attr      Idx    E Section Name        Object

    0x20000000   0x00000020   Data   RW            2    .data               main.o
    0x20000020   0x00000014   Data   RW          185    .data               system_stm32f10x.o
    0x20000034   0x00000004   Data   RW          259    .data               fdc2214.o
    0x20000038   0x00000c00   Data   RW          275    .data               oled.o
    0x20000c38   0x00000021   Data   RW          297    .data               control.o
    0x20000c59   0x00000001   PAD
    0x20000c5a   0x00000004   Data   RW          369    .data               delay.o
    0x20000c5e   0x00000002   PAD
    0x20000c60   0x00000006   Data   RW          401    .data               usart.o
    0x20000c66   0x00000014   Data   RW          452    .data               stm32f10x_rcc.o
    0x20000c7a   0x00000006   PAD
    0x20000c80   0x00000020   Zero   RW          258    .bss                fdc2214.o
    0x20000ca0   0x00001940   Zero   RW          296    .bss                control.o
    0x200025e0   0x000000c8   Zero   RW          400    .bss                usart.o
    0x200026a8   0x00000060   Zero   RW          726    .bss                c_w.l(libspace.o)
    0x20002708   0x00000200   Zero   RW          433    HEAP                startup_stm32f10x_hd.o
    0x20002908   0x00000400   Zero   RW          432    STACK               startup_stm32f10x_hd.o

